Archive member included to satisfy reference by file (symbol)

/home/admin/.pico-sdk/toolchain/13_2_Rel1/bin/../lib/gcc/arm-none-eabi/13.2.1/thumb/v6-m/nofp/libgcc.a(_dvmd_tls.o)
                              CMakeFiles/thor-freertos.dir/home/admin/.pico-sdk/sdk/2.0.0/src/rp2_common/pico_divider/divider_hardware.S.obj (__aeabi_idiv0)
/home/admin/.pico-sdk/toolchain/13_2_Rel1/bin/../lib/gcc/arm-none-eabi/13.2.1/../../../../arm-none-eabi/lib/thumb/v6-m/nofp/libg.a(libc_a-calloc.o)
                              CMakeFiles/thor-freertos.dir/home/admin/.pico-sdk/sdk/2.0.0/src/rp2_common/pico_malloc/malloc.c.obj (calloc)
/home/admin/.pico-sdk/toolchain/13_2_Rel1/bin/../lib/gcc/arm-none-eabi/13.2.1/../../../../arm-none-eabi/lib/thumb/v6-m/nofp/libg.a(libc_a-callocr.o)
                              /home/admin/.pico-sdk/toolchain/13_2_Rel1/bin/../lib/gcc/arm-none-eabi/13.2.1/../../../../arm-none-eabi/lib/thumb/v6-m/nofp/libg.a(libc_a-calloc.o) (_calloc_r)
/home/admin/.pico-sdk/toolchain/13_2_Rel1/bin/../lib/gcc/arm-none-eabi/13.2.1/../../../../arm-none-eabi/lib/thumb/v6-m/nofp/libg.a(libc_a-malloc.o)
                              CMakeFiles/thor-freertos.dir/home/admin/.pico-sdk/sdk/2.0.0/src/rp2_common/pico_malloc/malloc.c.obj (malloc)
/home/admin/.pico-sdk/toolchain/13_2_Rel1/bin/../lib/gcc/arm-none-eabi/13.2.1/../../../../arm-none-eabi/lib/thumb/v6-m/nofp/libg.a(libc_a-mallocr.o)
                              /home/admin/.pico-sdk/toolchain/13_2_Rel1/bin/../lib/gcc/arm-none-eabi/13.2.1/../../../../arm-none-eabi/lib/thumb/v6-m/nofp/libg.a(libc_a-callocr.o) (_malloc_r)
/home/admin/.pico-sdk/toolchain/13_2_Rel1/bin/../lib/gcc/arm-none-eabi/13.2.1/../../../../arm-none-eabi/lib/thumb/v6-m/nofp/libg.a(libc_a-mlock.o)
                              /home/admin/.pico-sdk/toolchain/13_2_Rel1/bin/../lib/gcc/arm-none-eabi/13.2.1/../../../../arm-none-eabi/lib/thumb/v6-m/nofp/libg.a(libc_a-mallocr.o) (__malloc_lock)
/home/admin/.pico-sdk/toolchain/13_2_Rel1/bin/../lib/gcc/arm-none-eabi/13.2.1/../../../../arm-none-eabi/lib/thumb/v6-m/nofp/libg.a(libc_a-realloc.o)
                              CMakeFiles/thor-freertos.dir/home/admin/.pico-sdk/sdk/2.0.0/src/rp2_common/pico_malloc/malloc.c.obj (realloc)
/home/admin/.pico-sdk/toolchain/13_2_Rel1/bin/../lib/gcc/arm-none-eabi/13.2.1/../../../../arm-none-eabi/lib/thumb/v6-m/nofp/libg.a(libc_a-reallocr.o)
                              /home/admin/.pico-sdk/toolchain/13_2_Rel1/bin/../lib/gcc/arm-none-eabi/13.2.1/../../../../arm-none-eabi/lib/thumb/v6-m/nofp/libg.a(libc_a-realloc.o) (_realloc_r)
/home/admin/.pico-sdk/toolchain/13_2_Rel1/bin/../lib/gcc/arm-none-eabi/13.2.1/../../../../arm-none-eabi/lib/thumb/v6-m/nofp/libg.a(libc_a-memcmp.o)
                              CMakeFiles/thor-freertos.dir/home/admin/.pico-sdk/sdk/2.0.0/src/rp2_common/pico_atomic/atomic.c.obj (memcmp)
/home/admin/.pico-sdk/toolchain/13_2_Rel1/bin/../lib/gcc/arm-none-eabi/13.2.1/../../../../arm-none-eabi/lib/thumb/v6-m/nofp/libg.a(libc_a-memmove.o)
                              /home/admin/.pico-sdk/toolchain/13_2_Rel1/bin/../lib/gcc/arm-none-eabi/13.2.1/../../../../arm-none-eabi/lib/thumb/v6-m/nofp/libg.a(libc_a-reallocr.o) (memmove)
/home/admin/.pico-sdk/toolchain/13_2_Rel1/bin/../lib/gcc/arm-none-eabi/13.2.1/../../../../arm-none-eabi/lib/thumb/v6-m/nofp/libg.a(libc_a-lcltime_r.o)
                              CMakeFiles/thor-freertos.dir/home/admin/.pico-sdk/sdk/2.0.0/src/common/pico_util/datetime.c.obj (localtime_r)
/home/admin/.pico-sdk/toolchain/13_2_Rel1/bin/../lib/gcc/arm-none-eabi/13.2.1/../../../../arm-none-eabi/lib/thumb/v6-m/nofp/libg.a(libc_a-mktime.o)
                              CMakeFiles/thor-freertos.dir/home/admin/.pico-sdk/sdk/2.0.0/src/common/pico_util/datetime.c.obj (mktime)
/home/admin/.pico-sdk/toolchain/13_2_Rel1/bin/../lib/gcc/arm-none-eabi/13.2.1/../../../../arm-none-eabi/lib/thumb/v6-m/nofp/libg.a(libc_a-month_lengths.o)
                              /home/admin/.pico-sdk/toolchain/13_2_Rel1/bin/../lib/gcc/arm-none-eabi/13.2.1/../../../../arm-none-eabi/lib/thumb/v6-m/nofp/libg.a(libc_a-lcltime_r.o) (__month_lengths)
/home/admin/.pico-sdk/toolchain/13_2_Rel1/bin/../lib/gcc/arm-none-eabi/13.2.1/../../../../arm-none-eabi/lib/thumb/v6-m/nofp/libg.a(libc_a-tzcalc_limits.o)
                              /home/admin/.pico-sdk/toolchain/13_2_Rel1/bin/../lib/gcc/arm-none-eabi/13.2.1/../../../../arm-none-eabi/lib/thumb/v6-m/nofp/libg.a(libc_a-lcltime_r.o) (__tzcalc_limits)
/home/admin/.pico-sdk/toolchain/13_2_Rel1/bin/../lib/gcc/arm-none-eabi/13.2.1/../../../../arm-none-eabi/lib/thumb/v6-m/nofp/libg.a(libc_a-tzlock.o)
                              /home/admin/.pico-sdk/toolchain/13_2_Rel1/bin/../lib/gcc/arm-none-eabi/13.2.1/../../../../arm-none-eabi/lib/thumb/v6-m/nofp/libg.a(libc_a-lcltime_r.o) (__tz_lock)
/home/admin/.pico-sdk/toolchain/13_2_Rel1/bin/../lib/gcc/arm-none-eabi/13.2.1/../../../../arm-none-eabi/lib/thumb/v6-m/nofp/libg.a(libc_a-tzset.o)
[...]
Memory Configuration

Name             Origin             Length             Attributes
FLASH            0x10000000         0x00200000         xr
RAM              0x20000000         0x00040000         xrw
SCRATCH_X        0x20040000         0x00001000         xrw
SCRATCH_Y        0x20041000         0x00001000         xrw
*default*        0x00000000         0xffffffff

Linker script and memory map

LOAD /home/admin/.pico-sdk/toolchain/13_2_Rel1/bin/../lib/gcc/arm-none-eabi/13.2.1/thumb/v6-m/nofp/crti.o
LOAD /home/admin/.pico-sdk/toolchain/13_2_Rel1/bin/../lib/gcc/arm-none-eabi/13.2.1/thumb/v6-m/nofp/crtbegin.o
LOAD /home/admin/.pico-sdk/toolchain/13_2_Rel1/bin/../lib/gcc/arm-none-eabi/13.2.1/../../../../arm-none-eabi/lib/thumb/v6-m/nofp/crt0.o

.flash_begin    0x10000000        0x0
                0x10000000                        __flash_binary_start = .

.boot2          0x10000000      0x100
                0x10000000                        __boot2_start__ = .
 *(.boot2)
 .boot2         0x10000000      0x100 /tmp/ccAaiidA.o
                0x10000100                        __boot2_end__ = .
                0x00000001                        ASSERT (((__boot2_end__ - __boot2_start__) == 0x100), ERROR: Pico second stage bootloader must be 256 bytes in size)

.text           0x10000100     0x3450
                0x10000100                        __logical_binary_start = .
 *(.vectors)
 .vectors       0x10000100       0xd4 CMakeFiles/thor-freertos.dir/home/admin/.pico-sdk/sdk/2.0.0/src/rp2_common/pico_crt0/crt0.S.obj
                0x10000100                __vectors
                0x10000100                __VECTOR_TABLE
                0x100001c0                isr_invalid
                0x100001c0                __default_isrs_start
                0x100001c2                isr_nmi
                0x100001c4                isr_hardfault
                0x100001c6                isr_svcall
                0x100001c8                isr_pendsv
                0x100001ca                isr_systick
                0x100001cc                isr_irq30
                0x100001cc                __unhandled_user_irq
                0x100001cc                isr_irq13
                0x100001cc                isr_irq27
                0x100001cc                isr_irq31
                0x100001cc                isr_irq5
                0x100001cc                isr_irq11
                0x100001cc                isr_irq23
                0x100001cc                isr_irq18
                0x100001cc                isr_irq28
                0x100001cc                isr_irq19
                0x100001cc                isr_irq0
                0x100001cc                isr_irq6
                0x100001cc                isr_irq22
                0x100001cc                isr_irq17
                0x100001cc                isr_irq14
                0x100001cc                isr_irq2
                0x100001cc                isr_irq10
                0x100001cc                isr_irq8
                0x100001cc                isr_irq24
                0x100001cc                isr_irq1
                0x100001cc                isr_irq7
                0x100001cc                isr_irq21
                0x100001cc                isr_irq20
                0x100001cc                isr_irq15
                0x100001cc                isr_irq25
                0x100001cc                isr_irq4
                0x100001cc                isr_irq16
                0x100001cc                isr_irq29
                0x100001cc                isr_irq26
                0x100001cc                __default_isrs_end
                0x100001cc                isr_irq3
                0x100001cc                isr_irq12
                0x100001cc                isr_irq9
                0x100001d2                unhandled_user_irq_num_in_r0
 *(.binary_info_header)
 .binary_info_header
                0x100001d4       0x14 CMakeFiles/thor-freertos.dir/home/admin/.pico-sdk/sdk/2.0.0/src/rp2_common/pico_crt0/crt0.S.obj
                0x100001e8                        __binary_info_header_end = .
 *(.embedded_block)
                0x100001e8                        __embedded_block_end = .
 *(.reset)
 .reset         0x100001e8       0x9c CMakeFiles/thor-freertos.dir/home/admin/.pico-sdk/sdk/2.0.0/src/rp2_common/pico_crt0/crt0.S.obj
                0x100001e8                _entry_point
 *(.init)
 .init          0x10000284        0x4 /home/admin/.pico-sdk/toolchain/13_2_Rel1/bin/../lib/gcc/arm-none-eabi/13.2.1/thumb/v6-m/nofp/crti.o
                0x10000284                _init
 *(EXCLUDE_FILE(*libm.a: *libc.a:*lib_a-mem*.o *libgcc.a:) .text*)
 .text.register_tm_clones
                0x10000288       0x28 /home/admin/.pico-sdk/toolchain/13_2_Rel1/bin/../lib/gcc/arm-none-eabi/13.2.1/thumb/v6-m/nofp/crtbegin.o
 .text.frame_dummy
                0x100002b0       0x24 /home/admin/.pico-sdk/toolchain/13_2_Rel1/bin/../lib/gcc/arm-none-eabi/13.2.1/thumb/v6-m/nofp/crtbegin.o
 .text.main     0x100002d4       0x1c CMakeFiles/thor-freertos.dir/thor-freertos.c.obj
                0x100002d4                main
 .text.panic    0x100002f0       0x30 CMakeFiles/thor-freertos.dir/home/admin/.pico-sdk/sdk/2.0.0/src/rp2_common/pico_platform_panic/panic.c.obj
                0x100002f0                panic
 .text.hw_claim_lock
                0x10000320       0x18 CMakeFiles/thor-freertos.dir/home/admin/.pico-sdk/sdk/2.0.0/src/common/hardware_claim/claim.c.obj
                0x10000320                hw_claim_lock
 .text.hw_claim_unlock
                0x10000338       0x14 CMakeFiles/thor-freertos.dir/home/admin/.pico-sdk/sdk/2.0.0/src/common/hardware_claim/claim.c.obj
                0x10000338                hw_claim_unlock
 .text.hw_claim_or_assert
                0x1000034c       0x32 CMakeFiles/thor-freertos.dir/home/admin/.pico-sdk/sdk/2.0.0/src/common/hardware_claim/claim.c.obj
                0x1000034c                hw_claim_or_assert
 *fill*         0x1000037e        0x2 
 .text.next_striped_spin_lock_num
                0x10000380       0x1c CMakeFiles/thor-freertos.dir/home/admin/.pico-sdk/sdk/2.0.0/src/rp2_common/hardware_sync/sync.c.obj
                0x10000380                next_striped_spin_lock_num
 .text.spin_locks_reset
                0x1000039c       0x20 CMakeFiles/thor-freertos.dir/home/admin/.pico-sdk/sdk/2.0.0/src/rp2_common/hardware_sync_spin_lock/sync_spin_lock.c.obj
                0x1000039c                spin_locks_reset
 .text.set_raw_irq_handler_and_unlock
                0x100003bc       0x28 CMakeFiles/thor-freertos.dir/home/admin/.pico-sdk/sdk/2.0.0/src/rp2_common/hardware_irq/irq.c.obj
 .text.nvic_ipr0
                0x100003e4        0x8 CMakeFiles/thor-freertos.dir/home/admin/.pico-sdk/sdk/2.0.0/src/rp2_common/hardware_irq/irq.c.obj
 .text.runtime_init_per_core_irq_priorities
                0x100003ec       0x1c CMakeFiles/thor-freertos.dir/home/admin/.pico-sdk/sdk/2.0.0/src/rp2_common/hardware_irq/irq.c.obj
                0x100003ec                runtime_init_per_core_irq_priorities
 .text.irq_set_mask_n_enabled
                0x10000408       0x1c CMakeFiles/thor-freertos.dir/home/admin/.pico-sdk/sdk/2.0.0/src/rp2_common/hardware_irq/irq.c.obj
                0x10000408                irq_set_mask_n_enabled
 .text.irq_set_enabled
                0x10000424       0x14 CMakeFiles/thor-freertos.dir/home/admin/.pico-sdk/sdk/2.0.0/src/rp2_common/hardware_irq/irq.c.obj
                0x10000424                irq_set_enabled
 .text.irq_get_vtable_handler
                0x10000438       0x10 CMakeFiles/thor-freertos.dir/home/admin/.pico-sdk/sdk/2.0.0/src/rp2_common/hardware_irq/irq.c.obj
                0x10000438                irq_get_vtable_handler
 .text.irq_set_exclusive_handler
                0x10000448       0x54 CMakeFiles/thor-freertos.dir/home/admin/.pico-sdk/sdk/2.0.0/src/rp2_common/hardware_irq/irq.c.obj
                0x10000448                irq_set_exclusive_handler
 .text.lock_init
                0x1000049c       0x10 CMakeFiles/thor-freertos.dir/home/admin/.pico-sdk/sdk/2.0.0/src/common/pico_sync/lock_core.c.obj
                0x1000049c                lock_init
 .text.mutex_init
                0x100004ac       0x1a CMakeFiles/thor-freertos.dir/home/admin/.pico-sdk/sdk/2.0.0/src/common/pico_sync/mutex.c.obj
                0x100004ac                mutex_init
 .text.recursive_mutex_init
                0x100004c6       0x1e CMakeFiles/thor-freertos.dir/home/admin/.pico-sdk/sdk/2.0.0/src/common/pico_sync/mutex.c.obj
                0x100004c6                recursive_mutex_init
 .text.runtime_init_mutex
                0x100004e4       0x4c CMakeFiles/thor-freertos.dir/home/admin/.pico-sdk/sdk/2.0.0/src/common/pico_sync/mutex.c.obj
                0x100004e4                runtime_init_mutex
 .text.make_alarm_id
                0x10000530        0x6 CMakeFiles/thor-freertos.dir/home/admin/.pico-sdk/sdk/2.0.0/src/common/pico_time/time.c.obj
 *fill*         0x10000536        0x2 
 .text.sleep_until_callback
                0x10000538       0x30 CMakeFiles/thor-freertos.dir/home/admin/.pico-sdk/sdk/2.0.0/src/common/pico_time/time.c.obj
 .text.alarm_pool_irq_handler
                0x10000568      0x2e0 CMakeFiles/thor-freertos.dir/home/admin/.pico-sdk/sdk/2.0.0/src/common/pico_time/time.c.obj
 .text.ta_enable_irq_handler
                0x10000848       0x2c CMakeFiles/thor-freertos.dir/home/admin/.pico-sdk/sdk/2.0.0/src/common/pico_time/time.c.obj
 .text.alarm_pool_post_alloc_init
                0x10000874       0x78 CMakeFiles/thor-freertos.dir/home/admin/.pico-sdk/sdk/2.0.0/src/common/pico_time/time.c.obj
 .text.alarm_pool_get_default
                0x100008ec       0x2c CMakeFiles/thor-freertos.dir/home/admin/.pico-sdk/sdk/2.0.0/src/common/pico_time/time.c.obj
                0x100008ec                alarm_pool_get_default
 .text.alarm_pool_add_alarm_at_force_in_context
                0x10000918       0xa4 CMakeFiles/thor-freertos.dir/home/admin/.pico-sdk/sdk/2.0.0/src/common/pico_time/time.c.obj
                0x10000918                alarm_pool_add_alarm_at_force_in_context
 .text.alarm_pool_add_alarm_at
                0x100009bc       0x3c CMakeFiles/thor-freertos.dir/home/admin/.pico-sdk/sdk/2.0.0/src/common/pico_time/time.c.obj
                0x100009bc                alarm_pool_add_alarm_at
 .text.add_alarm_at
                0x100009f8       0x2e CMakeFiles/thor-freertos.dir/home/admin/.pico-sdk/sdk/2.0.0/src/common/pico_time/time.c.obj
 *fill*         0x10000a26        0x2 
 .text.alarm_pool_cancel_alarm
                0x10000a28       0x78 CMakeFiles/thor-freertos.dir/home/admin/.pico-sdk/sdk/2.0.0/src/common/pico_time/time.c.obj
                0x10000a28                alarm_pool_cancel_alarm
 .text.cancel_alarm
                0x10000aa0       0x10 CMakeFiles/thor-freertos.dir/home/admin/.pico-sdk/sdk/2.0.0/src/common/pico_time/time.c.obj
 .text.sleep_until
                0x10000ab0       0xc0 CMakeFiles/thor-freertos.dir/home/admin/.pico-sdk/sdk/2.0.0/src/common/pico_time/time.c.obj
                0x10000ab0                sleep_until
 .text.sleep_us
                0x10000b70       0x24 CMakeFiles/thor-freertos.dir/home/admin/.pico-sdk/sdk/2.0.0/src/common/pico_time/time.c.obj
                0x10000b70                sleep_us
 .text.sleep_ms
                0x10000b94       0x14 CMakeFiles/thor-freertos.dir/home/admin/.pico-sdk/sdk/2.0.0/src/common/pico_time/time.c.obj
                0x10000b94                sleep_ms
 .text.best_effort_wfe_or_timeout
                0x10000ba8       0xc4 CMakeFiles/thor-freertos.dir/home/admin/.pico-sdk/sdk/2.0.0/src/common/pico_time/time.c.obj
                0x10000ba8                best_effort_wfe_or_timeout
 .text.alarm_pool_get_default_timer
                0x10000c6c        0x8 CMakeFiles/thor-freertos.dir/home/admin/.pico-sdk/sdk/2.0.0/src/common/pico_time/time.c.obj
                0x10000c6c                alarm_pool_get_default_timer
 .text.runtime_init_default_alarm_pool
                0x10000c74       0x38 CMakeFiles/thor-freertos.dir/home/admin/.pico-sdk/sdk/2.0.0/src/common/pico_time/time.c.obj
                0x10000c74                runtime_init_default_alarm_pool
 .text.timer_hardware_alarm_claim
                0x10000cac       0x14 CMakeFiles/thor-freertos.dir/home/admin/.pico-sdk/sdk/2.0.0/src/rp2_common/hardware_timer/timer.c.obj
                0x10000cac                timer_hardware_alarm_claim
 .text.timer_time_us_64
                0x10000cc0       0x10 CMakeFiles/thor-freertos.dir/home/admin/.pico-sdk/sdk/2.0.0/src/rp2_common/hardware_timer/timer.c.obj
                0x10000cc0                timer_time_us_64
 .text.timer_busy_wait_until
                0x10000cd0       0x1a CMakeFiles/thor-freertos.dir/home/admin/.pico-sdk/sdk/2.0.0/src/rp2_common/hardware_timer/timer.c.obj
                0x10000cd0                timer_busy_wait_until
 *fill*         0x10000cea        0x2 
 .text.time_us_64
                0x10000cec       0x10 CMakeFiles/thor-freertos.dir/home/admin/.pico-sdk/sdk/2.0.0/src/rp2_common/hardware_timer/timer.c.obj
                0x10000cec                time_us_64
 .text.busy_wait_until
                0x10000cfc       0x14 CMakeFiles/thor-freertos.dir/home/admin/.pico-sdk/sdk/2.0.0/src/rp2_common/hardware_timer/timer.c.obj
                0x10000cfc                busy_wait_until
 .text.clock_configure_internal
                0x10000d10       0xc4 CMakeFiles/thor-freertos.dir/home/admin/.pico-sdk/sdk/2.0.0/src/rp2_common/hardware_clocks/clocks.c.obj
 .text.clock_configure_int_divider
                0x10000dd4       0x28 CMakeFiles/thor-freertos.dir/home/admin/.pico-sdk/sdk/2.0.0/src/rp2_common/hardware_clocks/clocks.c.obj
                0x10000dd4                clock_configure_int_divider
 .text.clock_configure_undivided
                0x10000dfc       0x12 CMakeFiles/thor-freertos.dir/home/admin/.pico-sdk/sdk/2.0.0/src/rp2_common/hardware_clocks/clocks.c.obj
                0x10000dfc                clock_configure_undivided
 *fill*         0x10000e0e        0x2 
 .text.clock_get_hz
                0x10000e10        0xc CMakeFiles/thor-freertos.dir/home/admin/.pico-sdk/sdk/2.0.0/src/rp2_common/hardware_clocks/clocks.c.obj
                0x10000e10                clock_get_hz
 .text.pll_init
                0x10000e1c      0x124 CMakeFiles/thor-freertos.dir/home/admin/.pico-sdk/sdk/2.0.0/src/rp2_common/hardware_pll/pll.c.obj
                0x10000e1c                pll_init
 .text.tick_start
                0x10000f40       0x10 CMakeFiles/thor-freertos.dir/home/admin/.pico-sdk/sdk/2.0.0/src/rp2_common/hardware_ticks/ticks.c.obj
                0x10000f40                tick_start
 .text.xosc_init
                0x10000f50       0x28 CMakeFiles/thor-freertos.dir/home/admin/.pico-sdk/sdk/2.0.0/src/rp2_common/hardware_xosc/xosc.c.obj
                0x10000f50                xosc_init
 .text.runtime_run_initializers_from
                0x10000f78       0x18 CMakeFiles/thor-freertos.dir/home/admin/.pico-sdk/sdk/2.0.0/src/rp2_common/pico_runtime/runtime.c.obj
 .text.first_per_core_initializer
                0x10000f90        0x2 CMakeFiles/thor-freertos.dir/home/admin/.pico-sdk/sdk/2.0.0/src/rp2_common/pico_runtime/runtime.c.obj
 *fill*         0x10000f92        0x2 
 .text.runtime_run_initializers
                0x10000f94       0x10 CMakeFiles/thor-freertos.dir/home/admin/.pico-sdk/sdk/2.0.0/src/rp2_common/pico_runtime/runtime.c.obj
                0x10000f94                runtime_run_initializers
 .text.runtime_init_early_resets
                0x10000fa4       0x2c CMakeFiles/thor-freertos.dir/home/admin/.pico-sdk/sdk/2.0.0/src/rp2_common/pico_runtime_init/runtime_init.c.obj
                0x10000fa4                runtime_init_early_resets
 .text.runtime_init_usb_power_down
                0x10000fd0       0x1c CMakeFiles/thor-freertos.dir/home/admin/.pico-sdk/sdk/2.0.0/src/rp2_common/pico_runtime_init/runtime_init.c.obj
                0x10000fd0                runtime_init_usb_power_down
 .text.runtime_init_post_clock_resets
                0x10000fec       0x20 CMakeFiles/thor-freertos.dir/home/admin/.pico-sdk/sdk/2.0.0/src/rp2_common/pico_runtime_init/runtime_init.c.obj
                0x10000fec                runtime_init_post_clock_resets
 .text.runtime_init_rp2040_gpio_ie_disable
                0x1000100c       0x14 CMakeFiles/thor-freertos.dir/home/admin/.pico-sdk/sdk/2.0.0/src/rp2_common/pico_runtime_init/runtime_init.c.obj
                0x1000100c                runtime_init_rp2040_gpio_ie_disable
 .text.runtime_init_spin_locks_reset
                0x10001020        0x8 CMakeFiles/thor-freertos.dir/home/admin/.pico-sdk/sdk/2.0.0/src/rp2_common/pico_runtime_init/runtime_init.c.obj
                0x10001020                runtime_init_spin_locks_reset
 .text.runtime_init_install_ram_vector_table
                0x10001028       0x1c CMakeFiles/thor-freertos.dir/home/admin/.pico-sdk/sdk/2.0.0/src/rp2_common/pico_runtime_init/runtime_init.c.obj
                0x10001028                runtime_init_install_ram_vector_table
 .text.start_all_ticks
                0x10001044       0x28 CMakeFiles/thor-freertos.dir/home/admin/.pico-sdk/sdk/2.0.0/src/rp2_common/pico_runtime_init/runtime_init_clocks.c.obj
 .text.runtime_init_clocks
                0x1000106c       0xcc CMakeFiles/thor-freertos.dir/home/admin/.pico-sdk/sdk/2.0.0/src/rp2_common/pico_runtime_init/runtime_init_clocks.c.obj
                0x1000106c                runtime_init_clocks
 .text          0x10001138       0x10 CMakeFiles/thor-freertos.dir/home/admin/.pico-sdk/sdk/2.0.0/src/rp2_common/pico_bit_ops/bit_ops_aeabi.S.obj
 .text.rom_func_lookup
                0x10001148       0x10 CMakeFiles/thor-freertos.dir/home/admin/.pico-sdk/sdk/2.0.0/src/rp2_common/pico_bootrom/bootrom.c.obj
                0x10001148                rom_func_lookup
 .text.rom_data_lookup
                0x10001158       0x10 CMakeFiles/thor-freertos.dir/home/admin/.pico-sdk/sdk/2.0.0/src/rp2_common/pico_bootrom/bootrom.c.obj
                0x10001158                rom_data_lookup
 .text.rom_funcs_lookup
                0x10001168       0x36 CMakeFiles/thor-freertos.dir/home/admin/.pico-sdk/sdk/2.0.0/src/rp2_common/pico_bootrom/bootrom.c.obj
                0x10001168                rom_funcs_lookup
 *fill*         0x1000119e        0x2 
 .text.__wrap___aeabi_idiv
                0x100011a0       0x50 CMakeFiles/thor-freertos.dir/home/admin/.pico-sdk/sdk/2.0.0/src/rp2_common/pico_divider/divider_hardware.S.obj
                0x100011a0                __wrap___aeabi_idivmod
                0x100011a0                divmod_s32s32
                0x100011a0                div_s32s32
                0x100011a0                __wrap___aeabi_idiv
                0x100011a8                divmod_s32s32_unsafe
                0x100011d4                divmod_s32s32_savestate
 .text.__wrap___aeabi_uidiv
                0x100011f0       0x4c CMakeFiles/thor-freertos.dir/home/admin/.pico-sdk/sdk/2.0.0/src/rp2_common/pico_divider/divider_hardware.S.obj
                0x100011f0                __wrap___aeabi_uidiv
                0x100011f0                __wrap___aeabi_uidivmod
                0x100011f0                div_u32u32
                0x100011f0                divmod_u32u32
                0x100011f8                divmod_u32u32_unsafe
                0x10001220                divmod_u32u32_savestate
 .text.__wrap___aeabi_ldiv
                0x1000123c      0x424 CMakeFiles/thor-freertos.dir/home/admin/.pico-sdk/sdk/2.0.0/src/rp2_common/pico_divider/divider_hardware.S.obj
                0x1000123c                div_s64s64
                0x1000123c                divmod_s64s64
                0x1000123c                __wrap___aeabi_ldivmod
                0x1000126c                div_u64u64
                0x1000126c                divmod_u64u64
                0x1000126c                __wrap___aeabi_uldivmod
                0x1000127c                divmod_u64u64_savestate
                0x1000129c                divmod_s64s64_unsafe
                0x10001324                divmod_u64u64_unsafe
 .text.__wrap___aeabi_darithmetic
                0x10001660       0x80 CMakeFiles/thor-freertos.dir/home/admin/.pico-sdk/sdk/2.0.0/src/rp2_common/pico_double/double_aeabi_rp2040.S.obj
                0x10001660                __wrap___aeabi_drsub
                0x10001666                __wrap___aeabi_dsub
                0x10001678                __wrap___aeabi_dadd
                0x1000168a                __wrap___aeabi_ddiv
                0x100016c6                __wrap___aeabi_dmul
 .text.__wrap___aeabi_cdcmple
                0x100016e0       0x6c CMakeFiles/thor-freertos.dir/home/admin/.pico-sdk/sdk/2.0.0/src/rp2_common/pico_double/double_aeabi_rp2040.S.obj
                0x100016e0                __wrap___aeabi_cdrcmple
                0x100016f0                __wrap___aeabi_cdcmple
                0x100016f0                __wrap___aeabi_cdcmpeq
 .text.__wrap___aeabi_dcmplt
                0x1000174c        0xc CMakeFiles/thor-freertos.dir/home/admin/.pico-sdk/sdk/2.0.0/src/rp2_common/pico_double/double_aeabi_rp2040.S.obj
                0x1000174c                __wrap___aeabi_dcmplt
 .text.__wrap___aeabi_dcmple
                0x10001758       0x10 CMakeFiles/thor-freertos.dir/home/admin/.pico-sdk/sdk/2.0.0/src/rp2_common/pico_double/double_aeabi_rp2040.S.obj
                0x10001758                __wrap___aeabi_dcmple
 .text.__wrap___aeabi_dcmpge
                0x10001768       0x10 CMakeFiles/thor-freertos.dir/home/admin/.pico-sdk/sdk/2.0.0/src/rp2_common/pico_double/double_aeabi_rp2040.S.obj
                0x10001768                __wrap___aeabi_dcmpge
 .text.__wrap___aeabi_dcmpgt
                0x10001778        0xa CMakeFiles/thor-freertos.dir/home/admin/.pico-sdk/sdk/2.0.0/src/rp2_common/pico_double/double_aeabi_rp2040.S.obj
                0x10001778                __wrap___aeabi_dcmpgt
 .text.__wrap___aeabi_dcmpun
                0x10001782       0x18 CMakeFiles/thor-freertos.dir/home/admin/.pico-sdk/sdk/2.0.0/src/rp2_common/pico_double/double_aeabi_rp2040.S.obj
                0x10001782                __wrap___aeabi_dcmpun
 *fill*         0x1000179a        0x2 
 .text.__wrap___aeabi_i2d
                0x1000179c       0x38 CMakeFiles/thor-freertos.dir/home/admin/.pico-sdk/sdk/2.0.0/src/rp2_common/pico_double/double_aeabi_rp2040.S.obj
                0x1000179c                __wrap___aeabi_ui2d
                0x100017a4                __wrap___aeabi_i2d
 .text.__wrap___aeabi_d2iz
                0x100017d4       0x48 CMakeFiles/thor-freertos.dir/home/admin/.pico-sdk/sdk/2.0.0/src/rp2_common/pico_double/double_aeabi_rp2040.S.obj
                0x100017d4                __wrap___aeabi_d2iz
                0x100017d4                double2int_z
 .text.__wrap___aeabi_d2uiz
                0x1000181c       0x18 CMakeFiles/thor-freertos.dir/home/admin/.pico-sdk/sdk/2.0.0/src/rp2_common/pico_double/double_aeabi_rp2040.S.obj
                0x1000181c                double2uint
                0x1000181c                __wrap___aeabi_d2uiz
 .text.__aeabi_double_init
                0x10001834       0xcc CMakeFiles/thor-freertos.dir/home/admin/.pico-sdk/sdk/2.0.0/src/rp2_common/pico_double/double_init_rom_rp2040.c.obj
                0x10001834                __aeabi_double_init
 .text.double_table_shim_on_use_helper
                0x10001900       0x34 CMakeFiles/thor-freertos.dir/home/admin/.pico-sdk/sdk/2.0.0/src/rp2_common/pico_double/double_v1_rom_shim_rp2040.S.obj
                0x10001900                double_table_shim_on_use_helper
 .text.__wrap___aeabi_dsub
                0x10001934       0x10 CMakeFiles/thor-freertos.dir/home/admin/.pico-sdk/sdk/2.0.0/src/rp2_common/pico_double/double_v1_rom_shim_rp2040.S.obj
                0x10001934                drsub_shim
                0x1000193a                dsub_shim
 .text.dadd_shim
                0x10001944      0x15c CMakeFiles/thor-freertos.dir/home/admin/.pico-sdk/sdk/2.0.0/src/rp2_common/pico_double/double_v1_rom_shim_rp2040.S.obj
                0x10001944                dadd_shim
 .text.dmul_shim
                0x10001aa0      0x15c CMakeFiles/thor-freertos.dir/home/admin/.pico-sdk/sdk/2.0.0/src/rp2_common/pico_double/double_v1_rom_shim_rp2040.S.obj
                0x10001aa0                dmul_shim
 .text.ddiv_shim
                0x10001bfc      0x1b0 CMakeFiles/thor-freertos.dir/home/admin/.pico-sdk/sdk/2.0.0/src/rp2_common/pico_double/double_v1_rom_shim_rp2040.S.obj
                0x10001bfc                ddiv_shim
 .text.double2uint_shim
                0x10001dac        0xe CMakeFiles/thor-freertos.dir/home/admin/.pico-sdk/sdk/2.0.0/src/rp2_common/pico_double/double_v1_rom_shim_rp2040.S.obj
                0x10001dac                double2uint_shim
                0x10001dae                double2ufix_shim
 *fill*         0x10001dba        0x2 
 .text.double2uint64_shim
                0x10001dbc       0x70 CMakeFiles/thor-freertos.dir/home/admin/.pico-sdk/sdk/2.0.0/src/rp2_common/pico_double/double_v1_rom_shim_rp2040.S.obj
                0x10001dbc                double2uint64_shim
                0x10001dbe                double2ufix64_shim
                0x10001dde                d2fix_a
 .text.dunpacks
                0x10001e2c       0x3c CMakeFiles/thor-freertos.dir/home/admin/.pico-sdk/sdk/2.0.0/src/rp2_common/pico_double/double_v1_rom_shim_rp2040.S.obj
                0x10001e2c                dunpacks
 .text.__aeabi_lmul
                0x10001e68       0x32 CMakeFiles/thor-freertos.dir/home/admin/.pico-sdk/sdk/2.0.0/src/rp2_common/pico_int64_ops/pico_int64_ops_aeabi.S.obj
                0x10001e68                __wrap___aeabi_lmul
 *fill*         0x10001e9a        0x2 
 .text.__aeabi_float_init
                0x10001e9c       0xfc CMakeFiles/thor-freertos.dir/home/admin/.pico-sdk/sdk/2.0.0/src/rp2_common/pico_float/float_init_rom_rp2040.c.obj
                0x10001e9c                __aeabi_float_init
 .text.float_table_shim_on_use_helper
                0x10001f98       0x34 CMakeFiles/thor-freertos.dir/home/admin/.pico-sdk/sdk/2.0.0/src/rp2_common/pico_float/float_v1_rom_shim_rp2040.S.obj
                0x10001f98                float_table_shim_on_use_helper
 .text          0x10001fcc       0x10 CMakeFiles/thor-freertos.dir/home/admin/.pico-sdk/sdk/2.0.0/src/rp2_common/pico_mem_ops/mem_ops_aeabi.S.obj
                0x10001fcc                __aeabi_mem_init
 .text.memcpy   0x10001fdc        0xc CMakeFiles/thor-freertos.dir/home/admin/.pico-sdk/sdk/2.0.0/src/rp2_common/pico_mem_ops/mem_ops_aeabi.S.obj
                0x10001fdc                __wrap___aeabi_memcpy
                0x10001fdc                __wrap_memcpy
 .text._out_null
                0x10001fe8        0x2 CMakeFiles/thor-freertos.dir/home/admin/.pico-sdk/sdk/2.0.0/src/rp2_common/pico_printf/printf.c.obj
 .text._out_fct
                0x10001fea        0xe CMakeFiles/thor-freertos.dir/home/admin/.pico-sdk/sdk/2.0.0/src/rp2_common/pico_printf/printf.c.obj
 .text._atoi    0x10001ff8       0x24 CMakeFiles/thor-freertos.dir/home/admin/.pico-sdk/sdk/2.0.0/src/rp2_common/pico_printf/printf.c.obj
 .text._out_rev
                0x1000201c       0xae CMakeFiles/thor-freertos.dir/home/admin/.pico-sdk/sdk/2.0.0/src/rp2_common/pico_printf/printf.c.obj
 .text._ntoa_format
                0x100020ca      0x110 CMakeFiles/thor-freertos.dir/home/admin/.pico-sdk/sdk/2.0.0/src/rp2_common/pico_printf/printf.c.obj
 .text._ntoa_long
                0x100021da       0xbc CMakeFiles/thor-freertos.dir/home/admin/.pico-sdk/sdk/2.0.0/src/rp2_common/pico_printf/printf.c.obj
 .text._ntoa_long_long
                0x10002296      0x10e CMakeFiles/thor-freertos.dir/home/admin/.pico-sdk/sdk/2.0.0/src/rp2_common/pico_printf/printf.c.obj
 .text._etoa    0x100023a4      0x420 CMakeFiles/thor-freertos.dir/home/admin/.pico-sdk/sdk/2.0.0/src/rp2_common/pico_printf/printf.c.obj
 .text._ftoa    0x100027c4      0x354 CMakeFiles/thor-freertos.dir/home/admin/.pico-sdk/sdk/2.0.0/src/rp2_common/pico_printf/printf.c.obj
 .text._vsnprintf
                0x10002b18      0x668 CMakeFiles/thor-freertos.dir/home/admin/.pico-sdk/sdk/2.0.0/src/rp2_common/pico_printf/printf.c.obj
 .text.vfctprintf
                0x10003180       0x20 CMakeFiles/thor-freertos.dir/home/admin/.pico-sdk/sdk/2.0.0/src/rp2_common/pico_printf/printf.c.obj
                0x10003180                vfctprintf
 .text._exit    0x100031a0        0x4 CMakeFiles/thor-freertos.dir/home/admin/.pico-sdk/sdk/2.0.0/src/rp2_common/pico_clib_interface/newlib_interface.c.obj
                0x100031a0                _exit
 .text.exit     0x100031a4        0x6 CMakeFiles/thor-freertos.dir/home/admin/.pico-sdk/sdk/2.0.0/src/rp2_common/pico_clib_interface/newlib_interface.c.obj
                0x100031a4                exit
 *fill*         0x100031aa        0x2 
 .text.__assert_func
                0x100031ac       0x38 CMakeFiles/thor-freertos.dir/home/admin/.pico-sdk/sdk/2.0.0/src/rp2_common/pico_clib_interface/newlib_interface.c.obj
                0x100031ac                __assert_func
 .text.runtime_init
                0x100031e4       0x28 CMakeFiles/thor-freertos.dir/home/admin/.pico-sdk/sdk/2.0.0/src/rp2_common/pico_clib_interface/newlib_interface.c.obj
                0x100031e4                runtime_init
 .text.stdio_out_chars_no_crlf
                0x1000320c        0xe CMakeFiles/thor-freertos.dir/home/admin/.pico-sdk/sdk/2.0.0/src/rp2_common/pico_stdio/stdio.c.obj
 *fill*         0x1000321a        0x2 
 .text.stdio_out_chars_crlf
                0x1000321c       0x80 CMakeFiles/thor-freertos.dir/home/admin/.pico-sdk/sdk/2.0.0/src/rp2_common/pico_stdio/stdio.c.obj
 .text.stdio_stack_buffer_flush
                0x1000329c       0x44 CMakeFiles/thor-freertos.dir/home/admin/.pico-sdk/sdk/2.0.0/src/rp2_common/pico_stdio/stdio.c.obj
 .text.stdio_buffered_printer
                0x100032e0       0x20 CMakeFiles/thor-freertos.dir/home/admin/.pico-sdk/sdk/2.0.0/src/rp2_common/pico_stdio/stdio.c.obj
 .text.stdout_serialize_begin
                0x10003300       0x30 CMakeFiles/thor-freertos.dir/home/admin/.pico-sdk/sdk/2.0.0/src/rp2_common/pico_stdio/stdio.c.obj
                0x10003300                stdout_serialize_begin
 .text.stdout_serialize_end
                0x10003330       0x10 CMakeFiles/thor-freertos.dir/home/admin/.pico-sdk/sdk/2.0.0/src/rp2_common/pico_stdio/stdio.c.obj
                0x10003330                stdout_serialize_end
 .text.stdio_put_string
                0x10003340       0x94 CMakeFiles/thor-freertos.dir/home/admin/.pico-sdk/sdk/2.0.0/src/rp2_common/pico_stdio/stdio.c.obj
                0x10003340                stdio_put_string
 .text.stdio_flush
                0x100033d4       0x20 CMakeFiles/thor-freertos.dir/home/admin/.pico-sdk/sdk/2.0.0/src/rp2_common/pico_stdio/stdio.c.obj
                0x100033d4                stdio_flush
 .text.stdio_init_all
                0x100033f4        0x4 CMakeFiles/thor-freertos.dir/home/admin/.pico-sdk/sdk/2.0.0/src/rp2_common/pico_stdio/stdio.c.obj
                0x100033f4                stdio_init_all
 .text.__wrap_puts
                0x100033f8       0x1e CMakeFiles/thor-freertos.dir/home/admin/.pico-sdk/sdk/2.0.0/src/rp2_common/pico_stdio/stdio.c.obj
                0x100033f8                __wrap_puts
                0x100033f8                stdio_puts
 *fill*         0x10003416        0x2 
 .text.__wrap_vprintf
                0x10003418       0x40 CMakeFiles/thor-freertos.dir/home/admin/.pico-sdk/sdk/2.0.0/src/rp2_common/pico_stdio/stdio.c.obj
                0x10003418                __wrap_vprintf
                0x10003418                stdio_vprintf
 .text.__wrap_printf
                0x10003458       0x18 CMakeFiles/thor-freertos.dir/home/admin/.pico-sdk/sdk/2.0.0/src/rp2_common/pico_stdio/stdio.c.obj
                0x10003458                stdio_printf
                0x10003458                __wrap_printf
 .text.strlen   0x10003470       0x5c /home/admin/.pico-sdk/toolchain/13_2_Rel1/bin/../lib/gcc/arm-none-eabi/13.2.1/../../../../arm-none-eabi/lib/thumb/v6-m/nofp/libg.a(libc_a-strlen-stub.o)
                0x10003470                strlen
 *(.fini)
 .fini          0x100034cc        0x4 /home/admin/.pico-sdk/toolchain/13_2_Rel1/bin/../lib/gcc/arm-none-eabi/13.2.1/thumb/v6-m/nofp/crti.o
                0x100034cc                _fini
 .fini.__stub   0x100034d0       0x40 linker stubs
 *crtbegin.o(.ctors)
 *crtbegin?.o(.ctors)
 *(EXCLUDE_FILE(*crtend.o *crtend?.o) .ctors)
 *(SORT_BY_NAME(.ctors.*))
 *(.ctors)
 *crtbegin.o(.dtors)
 *crtbegin?.o(.dtors)
 *(EXCLUDE_FILE(*crtend.o *crtend?.o) .dtors)
 *(SORT_BY_NAME(.dtors.*))
 *(.dtors)
                0x10003510                        . = ALIGN (0x4)
                0x10003510                        PROVIDE (__preinit_array_start = .)
 *(SORT_BY_NAME(.preinit_array.*))
 .preinit_array.00100
                0x10003510        0x4 CMakeFiles/thor-freertos.dir/home/admin/.pico-sdk/sdk/2.0.0/src/rp2_common/pico_runtime_init/runtime_init.c.obj
                0x10003510                __pre_init_runtime_init_early_resets
 .preinit_array.00101
                0x10003514        0x4 CMakeFiles/thor-freertos.dir/home/admin/.pico-sdk/sdk/2.0.0/src/rp2_common/pico_runtime_init/runtime_init.c.obj
                0x10003514                __pre_init_runtime_init_usb_power_down
 .preinit_array.00275
                0x10003518        0x4 CMakeFiles/thor-freertos.dir/home/admin/.pico-sdk/sdk/2.0.0/src/rp2_common/pico_bit_ops/bit_ops_aeabi.S.obj
 .preinit_array.00300
                0x1000351c        0x4 CMakeFiles/thor-freertos.dir/home/admin/.pico-sdk/sdk/2.0.0/src/rp2_common/pico_mem_ops/mem_ops_aeabi.S.obj
 .preinit_array.00350
                0x10003520        0x4 CMakeFiles/thor-freertos.dir/home/admin/.pico-sdk/sdk/2.0.0/src/rp2_common/pico_double/double_aeabi_rp2040.S.obj
 .preinit_array.00350
                0x10003524        0x4 CMakeFiles/thor-freertos.dir/home/admin/.pico-sdk/sdk/2.0.0/src/rp2_common/pico_float/float_aeabi_rp2040.S.obj
 .preinit_array.00500
                0x10003528        0x4 CMakeFiles/thor-freertos.dir/home/admin/.pico-sdk/sdk/2.0.0/src/rp2_common/pico_runtime_init/runtime_init.c.obj
                0x10003528                __pre_init_runtime_init_clocks
 .preinit_array.00600
                0x1000352c        0x4 CMakeFiles/thor-freertos.dir/home/admin/.pico-sdk/sdk/2.0.0/src/rp2_common/pico_runtime_init/runtime_init.c.obj
                0x1000352c                __pre_init_runtime_init_post_clock_resets
 .preinit_array.00700
                0x10003530        0x4 CMakeFiles/thor-freertos.dir/home/admin/.pico-sdk/sdk/2.0.0/src/rp2_common/pico_runtime_init/runtime_init.c.obj
                0x10003530                __pre_init_runtime_init_rp2040_gpio_ie_disable
 .preinit_array.01000
                0x10003534        0x4 CMakeFiles/thor-freertos.dir/home/admin/.pico-sdk/sdk/2.0.0/src/rp2_common/pico_runtime_init/runtime_init.c.obj
                0x10003534                __pre_init_runtime_init_spin_locks_reset
 .preinit_array.01100
                0x10003538        0x4 CMakeFiles/thor-freertos.dir/home/admin/.pico-sdk/sdk/2.0.0/src/common/pico_sync/mutex.c.obj
                0x10003538                __pre_init_runtime_init_mutex
 .preinit_array.10080
                0x1000353c        0x4 CMakeFiles/thor-freertos.dir/home/admin/.pico-sdk/sdk/2.0.0/src/rp2_common/pico_runtime_init/runtime_init.c.obj
                0x1000353c                __pre_init_runtime_init_install_ram_vector_table
 .preinit_array.11000
                0x10003540        0x4 CMakeFiles/thor-freertos.dir/home/admin/.pico-sdk/sdk/2.0.0/src/common/pico_time/time.c.obj
                0x10003540                __pre_init_runtime_init_default_alarm_pool
 .preinit_array.YYYYY
                0x10003544        0x4 CMakeFiles/thor-freertos.dir/home/admin/.pico-sdk/sdk/2.0.0/src/rp2_common/pico_runtime/runtime.c.obj
                0x10003544                __pre_init_first_per_core_initializer
 .preinit_array.ZZZZZ.01200
                0x10003548        0x4 CMakeFiles/thor-freertos.dir/home/admin/.pico-sdk/sdk/2.0.0/src/rp2_common/hardware_irq/irq.c.obj
                0x10003548                __pre_init_runtime_init_per_core_irq_priorities
 *(.preinit_array)
                0x1000354c                        PROVIDE (__preinit_array_end = .)
                0x1000354c                        . = ALIGN (0x4)
                0x1000354c                        PROVIDE (__init_array_start = .)
 *(SORT_BY_NAME(.init_array.*))
 *(.init_array)
 .init_array    0x1000354c        0x4 /home/admin/.pico-sdk/toolchain/13_2_Rel1/bin/../lib/gcc/arm-none-eabi/13.2.1/thumb/v6-m/nofp/crtbegin.o
                0x10003550                        PROVIDE (__init_array_end = .)
                0x10003550                        . = ALIGN (0x4)
                [!provide]                        PROVIDE (__fini_array_start = .)
 *(SORT_BY_NAME(.fini_array.*))
 *(.fini_array)
                [!provide]                        PROVIDE (__fini_array_end = .)
 *(.eh_frame*)
 .eh_frame      0x10003550        0x0 /home/admin/.pico-sdk/toolchain/13_2_Rel1/bin/../lib/gcc/arm-none-eabi/13.2.1/thumb/v6-m/nofp/crtbegin.o
                0x10003550                        . = ALIGN (0x4)

.glue_7         0x10003550        0x0
 .glue_7        0x10003550        0x0 linker stubs

.glue_7t        0x10003550        0x0
 .glue_7t       0x10003550        0x0 linker stubs

.vfp11_veneer   0x10003550        0x0
 .vfp11_veneer  0x10003550        0x0 linker stubs

.v4_bx          0x10003550        0x0
 .v4_bx         0x10003550        0x0 linker stubs

.iplt           0x10003550        0x0
 .iplt          0x10003550        0x0 /home/admin/.pico-sdk/toolchain/13_2_Rel1/bin/../lib/gcc/arm-none-eabi/13.2.1/thumb/v6-m/nofp/crtbegin.o

.rodata         0x10003550      0x834
 *(EXCLUDE_FILE(*libm.a: *libc.a:*lib_a-mem*.o *libgcc.a:) .rodata*)
 .rodata.main.str1.4
                0x10003550      0x533 CMakeFiles/thor-freertos.dir/thor-freertos.c.obj
                                  0xe (size before relaxing)
 .rodata.panic.str1.4
                0x10003a83       0x12 CMakeFiles/thor-freertos.dir/home/admin/.pico-sdk/sdk/2.0.0/src/rp2_common/pico_platform_panic/panic.c.obj
 .rodata.resolve_j_16.str1.4
                0x10003a83       0x5a CMakeFiles/thor-freertos.dir/home/admin/.pico-sdk/sdk/2.0.0/src/rp2_common/hardware_irq/irq.c.obj
 .rodata.irq_set_exclusive_handler.str1.4
                0x10003a83       0x36 CMakeFiles/thor-freertos.dir/home/admin/.pico-sdk/sdk/2.0.0/src/rp2_common/hardware_irq/irq.c.obj
 *fill*         0x10003a83        0x1 
 .rodata.__func__.6
                0x10003a84       0x1a CMakeFiles/thor-freertos.dir/home/admin/.pico-sdk/sdk/2.0.0/src/rp2_common/hardware_irq/irq.c.obj
 .rodata.runtime_init_mutex.str1.4
                0x10003a9e       0x5d CMakeFiles/thor-freertos.dir/home/admin/.pico-sdk/sdk/2.0.0/src/common/pico_sync/mutex.c.obj
 .rodata.str1.4
                0x10003a9e       0x51 CMakeFiles/thor-freertos.dir/home/admin/.pico-sdk/sdk/2.0.0/src/common/pico_sync/mutex.c.obj
 *fill*         0x10003a9e        0x2 
 .rodata.__func__.1
                0x10003aa0        0xb CMakeFiles/thor-freertos.dir/home/admin/.pico-sdk/sdk/2.0.0/src/common/pico_sync/mutex.c.obj
 *fill*         0x10003aab        0x1 
 .rodata.__func__.3
                0x10003aac       0x18 CMakeFiles/thor-freertos.dir/home/admin/.pico-sdk/sdk/2.0.0/src/common/pico_sync/mutex.c.obj
 .rodata.__func__.6
                0x10003ac4       0x13 CMakeFiles/thor-freertos.dir/home/admin/.pico-sdk/sdk/2.0.0/src/common/pico_sync/mutex.c.obj
 .rodata.alarm_pool_irq_handler.str1.4
                0x10003ad7       0x68 CMakeFiles/thor-freertos.dir/home/admin/.pico-sdk/sdk/2.0.0/src/common/pico_time/time.c.obj
 .rodata.alarm_pool_get_default.str1.4
                0x10003ad7       0x21 CMakeFiles/thor-freertos.dir/home/admin/.pico-sdk/sdk/2.0.0/src/common/pico_time/time.c.obj
 .rodata.sleep_until.str1.4
                0x10003ad7       0x4d CMakeFiles/thor-freertos.dir/home/admin/.pico-sdk/sdk/2.0.0/src/common/pico_time/time.c.obj
 *fill*         0x10003ad7        0x1 
 .rodata.__func__.1
                0x10003ad8       0x17 CMakeFiles/thor-freertos.dir/home/admin/.pico-sdk/sdk/2.0.0/src/common/pico_time/time.c.obj
 *fill*         0x10003aef        0x1 
 .rodata.__func__.2
                0x10003af0       0x17 CMakeFiles/thor-freertos.dir/home/admin/.pico-sdk/sdk/2.0.0/src/common/pico_time/time.c.obj
 .rodata.timer_hardware_alarm_claim.str1.4
                0x10003b07       0x22 CMakeFiles/thor-freertos.dir/home/admin/.pico-sdk/sdk/2.0.0/src/rp2_common/hardware_timer/timer.c.obj
 .rodata.pll_init.str1.4
                0x10003b07      0x118 CMakeFiles/thor-freertos.dir/home/admin/.pico-sdk/sdk/2.0.0/src/rp2_common/hardware_pll/pll.c.obj
 *fill*         0x10003b07        0x1 
 .rodata.__func__.0
                0x10003b08        0x9 CMakeFiles/thor-freertos.dir/home/admin/.pico-sdk/sdk/2.0.0/src/rp2_common/hardware_pll/pll.c.obj
 .rodata.__aeabi_double_init.str1.4
                0x10003b11       0x98 CMakeFiles/thor-freertos.dir/home/admin/.pico-sdk/sdk/2.0.0/src/rp2_common/pico_double/double_init_rom_rp2040.c.obj
 *fill*         0x10003b11        0x3 
 .rodata.__func__.0
                0x10003b14       0x14 CMakeFiles/thor-freertos.dir/home/admin/.pico-sdk/sdk/2.0.0/src/rp2_common/pico_double/double_init_rom_rp2040.c.obj
 .rodata.__aeabi_float_init.str1.4
                0x10003b28       0x8a CMakeFiles/thor-freertos.dir/home/admin/.pico-sdk/sdk/2.0.0/src/rp2_common/pico_float/float_init_rom_rp2040.c.obj
 .rodata.__func__.0
                0x10003b28       0x13 CMakeFiles/thor-freertos.dir/home/admin/.pico-sdk/sdk/2.0.0/src/rp2_common/pico_float/float_init_rom_rp2040.c.obj
 .rodata.str1.4
                0x10003b3b       0x38 CMakeFiles/thor-freertos.dir/home/admin/.pico-sdk/sdk/2.0.0/src/rp2_common/pico_standard_binary_info/standard_binary_info.c.obj
 *fill*         0x10003b3b        0x1 
 .rodata.__bi_84
                0x10003b3c        0xc CMakeFiles/thor-freertos.dir/home/admin/.pico-sdk/sdk/2.0.0/src/rp2_common/pico_standard_binary_info/standard_binary_info.c.obj
 .rodata.__bi_60
                0x10003b48        0xc CMakeFiles/thor-freertos.dir/home/admin/.pico-sdk/sdk/2.0.0/src/rp2_common/pico_standard_binary_info/standard_binary_info.c.obj
 .rodata.__bi_54
                0x10003b54        0xc CMakeFiles/thor-freertos.dir/home/admin/.pico-sdk/sdk/2.0.0/src/rp2_common/pico_standard_binary_info/standard_binary_info.c.obj
 .rodata.__bi_48
                0x10003b60        0xc CMakeFiles/thor-freertos.dir/home/admin/.pico-sdk/sdk/2.0.0/src/rp2_common/pico_standard_binary_info/standard_binary_info.c.obj
 .rodata.__bi_42
                0x10003b6c        0xc CMakeFiles/thor-freertos.dir/home/admin/.pico-sdk/sdk/2.0.0/src/rp2_common/pico_standard_binary_info/standard_binary_info.c.obj
 .rodata.__bi_34
                0x10003b78        0xc CMakeFiles/thor-freertos.dir/home/admin/.pico-sdk/sdk/2.0.0/src/rp2_common/pico_standard_binary_info/standard_binary_info.c.obj
 .rodata.__bi_26
                0x10003b84        0xc CMakeFiles/thor-freertos.dir/home/admin/.pico-sdk/sdk/2.0.0/src/rp2_common/pico_standard_binary_info/standard_binary_info.c.obj
 .rodata._ftoa.str1.4
                0x10003b90       0x15 CMakeFiles/thor-freertos.dir/home/admin/.pico-sdk/sdk/2.0.0/src/rp2_common/pico_printf/printf.c.obj
 .rodata._vsnprintf
                0x10003b90      0x19c CMakeFiles/thor-freertos.dir/home/admin/.pico-sdk/sdk/2.0.0/src/rp2_common/pico_printf/printf.c.obj
 *fill*         0x10003d2c        0x4 
 .rodata.pow10.0
                0x10003d30       0x50 CMakeFiles/thor-freertos.dir/home/admin/.pico-sdk/sdk/2.0.0/src/rp2_common/pico_printf/printf.c.obj
 .rodata.__assert_func.str1.4
                0x10003d80       0x43 CMakeFiles/thor-freertos.dir/home/admin/.pico-sdk/sdk/2.0.0/src/rp2_common/pico_clib_interface/newlib_interface.c.obj
 .rodata.crlf_str.0
                0x10003d80        0x2 CMakeFiles/thor-freertos.dir/home/admin/.pico-sdk/sdk/2.0.0/src/rp2_common/pico_stdio/stdio.c.obj
                0x10003dc4                        . = ALIGN (0x4)
 *fill*         0x10003d82        0x2 
 *(SORT_BY_ALIGNMENT(SORT_BY_NAME(.flashdata*)))
                0x10003d84                        . = ALIGN (0x4)

.ARM.extab
 *(.ARM.extab* .gnu.linkonce.armextab.*)
                0x10003d84                        __exidx_start = .

.ARM.exidx
 *(.ARM.exidx* .gnu.linkonce.armexidx.*)
                0x10003d84                        __exidx_end = .
                0x10003d84                        . = ALIGN (0x4)
                0x10003d84                        __binary_info_start = .

.binary_info    0x10003d84       0x1c
 *(.binary_info.keep.*)
 .binary_info.keep.__bi_ptr84
                0x10003d84        0x4 CMakeFiles/thor-freertos.dir/home/admin/.pico-sdk/sdk/2.0.0/src/rp2_common/pico_standard_binary_info/standard_binary_info.c.obj
 .binary_info.keep.__bi_ptr60
                0x10003d88        0x4 CMakeFiles/thor-freertos.dir/home/admin/.pico-sdk/sdk/2.0.0/src/rp2_common/pico_standard_binary_info/standard_binary_info.c.obj
 .binary_info.keep.__bi_ptr54
                0x10003d8c        0x4 CMakeFiles/thor-freertos.dir/home/admin/.pico-sdk/sdk/2.0.0/src/rp2_common/pico_standard_binary_info/standard_binary_info.c.obj
 .binary_info.keep.__bi_ptr48
                0x10003d90        0x4 CMakeFiles/thor-freertos.dir/home/admin/.pico-sdk/sdk/2.0.0/src/rp2_common/pico_standard_binary_info/standard_binary_info.c.obj
 .binary_info.keep.__bi_ptr42
                0x10003d94        0x4 CMakeFiles/thor-freertos.dir/home/admin/.pico-sdk/sdk/2.0.0/src/rp2_common/pico_standard_binary_info/standard_binary_info.c.obj
 .binary_info.keep.__bi_ptr34
                0x10003d98        0x4 CMakeFiles/thor-freertos.dir/home/admin/.pico-sdk/sdk/2.0.0/src/rp2_common/pico_standard_binary_info/standard_binary_info.c.obj
 .binary_info.keep.__bi_ptr26
                0x10003d9c        0x4 CMakeFiles/thor-freertos.dir/home/admin/.pico-sdk/sdk/2.0.0/src/rp2_common/pico_standard_binary_info/standard_binary_info.c.obj
 *(.binary_info.*)
                0x10003da0                        __binary_info_end = .

.rel.dyn        0x10003da0        0x0
 .rel.iplt      0x10003da0        0x0 /home/admin/.pico-sdk/toolchain/13_2_Rel1/bin/../lib/gcc/arm-none-eabi/13.2.1/thumb/v6-m/nofp/crtbegin.o
                0x10003da0                        . = ALIGN (0x4)

.ram_vector_table
                0x20000000       0xc0
 *(.ram_vector_table)
 .ram_vector_table
                0x20000000       0xc0 CMakeFiles/thor-freertos.dir/home/admin/.pico-sdk/sdk/2.0.0/src/rp2_common/pico_runtime_init/runtime_init.c.obj
                0x20000000                ram_vector_table

.uninitialized_data
                0x200000c0        0x0
                0x200000c0                        . = ALIGN (0x4)
 *(.uninitialized_data*)

.data           0x200000c0      0x1c8 load address 0x10003da0
                0x200000c0                        __data_start__ = .
 *(vtable)
 *(.time_critical*)
 .time_critical.mutex_try_enter
                0x200000c0       0x48 CMakeFiles/thor-freertos.dir/home/admin/.pico-sdk/sdk/2.0.0/src/common/pico_sync/mutex.c.obj
                0x200000c0                mutex_try_enter
 .time_critical.mutex_enter_block_until
                0x20000108       0x90 CMakeFiles/thor-freertos.dir/home/admin/.pico-sdk/sdk/2.0.0/src/common/pico_sync/mutex.c.obj
                0x20000108                mutex_enter_block_until
 .time_critical.mutex_try_enter_block_until
                0x20000198       0x34 CMakeFiles/thor-freertos.dir/home/admin/.pico-sdk/sdk/2.0.0/src/common/pico_sync/mutex.c.obj
                0x20000198                mutex_try_enter_block_until
 .time_critical.mutex_exit
                0x200001cc       0x4c CMakeFiles/thor-freertos.dir/home/admin/.pico-sdk/sdk/2.0.0/src/common/pico_sync/mutex.c.obj
                0x200001cc                mutex_exit
 *(.text*)
 .text          0x20000218        0x4 /home/admin/.pico-sdk/toolchain/13_2_Rel1/bin/../lib/gcc/arm-none-eabi/13.2.1/thumb/v6-m/nofp/libgcc.a(_dvmd_tls.o)
                0x20000218                __aeabi_ldiv0
                0x20000218                __aeabi_idiv0
 *fill*         0x2000021c        0x4 
 .text.__stub   0x20000220       0x20 linker stubs
                0x20000240                        . = ALIGN (0x4)
 *(.rodata*)
                0x20000240                        . = ALIGN (0x4)
 *(.data*)
 .data.striped_spin_lock_num
                0x20000240        0x1 CMakeFiles/thor-freertos.dir/home/admin/.pico-sdk/sdk/2.0.0/src/rp2_common/hardware_sync/sync.c.obj
 *fill*         0x20000241        0x3 
 .data.default_alarm_pool
                0x20000244       0x18 CMakeFiles/thor-freertos.dir/home/admin/.pico-sdk/sdk/2.0.0/src/common/pico_time/time.c.obj
 *fill*         0x2000025c        0x4 
 .data.aeabi_bits_funcs
                0x20000260       0x10 CMakeFiles/thor-freertos.dir/home/admin/.pico-sdk/sdk/2.0.0/src/rp2_common/pico_bit_ops/bit_ops_aeabi.S.obj
                0x20000260                aeabi_bits_funcs
                0x20000270                aeabi_bits_funcs_end
 .data.aeabi_mem_funcs
                0x20000270       0x10 CMakeFiles/thor-freertos.dir/home/admin/.pico-sdk/sdk/2.0.0/src/rp2_common/pico_mem_ops/mem_ops_aeabi.S.obj
                0x20000270                aeabi_mem_funcs
                0x20000280                aeabi_mem_funcs_end
                0x20000280                        . = ALIGN (0x4)
 *(.after_data.*)
                0x20000280                        . = ALIGN (0x4)
                0x20000280                        PROVIDE (__mutex_array_start = .)
 *(SORT_BY_NAME(.mutex_array.*))
 *(.mutex_array)
 .mutex_array   0x20000280        0x8 CMakeFiles/thor-freertos.dir/home/admin/.pico-sdk/sdk/2.0.0/src/rp2_common/pico_stdio/stdio.c.obj
                0x20000288                        PROVIDE (__mutex_array_end = .)
                0x20000288                        . = ALIGN (0x4)
 *(.jcr)
                0x20000288                        . = ALIGN (0x4)

.tm_clone_table
                0x20000288        0x0 load address 0x10003f68
 .tm_clone_table
                0x20000288        0x0 /home/admin/.pico-sdk/toolchain/13_2_Rel1/bin/../lib/gcc/arm-none-eabi/13.2.1/thumb/v6-m/nofp/crtbegin.o
 .tm_clone_table
                0x20000288        0x0 /home/admin/.pico-sdk/toolchain/13_2_Rel1/bin/../lib/gcc/arm-none-eabi/13.2.1/thumb/v6-m/nofp/crtend.o

.igot.plt       0x20000288        0x0 load address 0x10003f68
 .igot.plt      0x20000288        0x0 /home/admin/.pico-sdk/toolchain/13_2_Rel1/bin/../lib/gcc/arm-none-eabi/13.2.1/thumb/v6-m/nofp/crtbegin.o

.tdata          0x20000288        0x0 load address 0x10003f68
                0x20000288                        . = ALIGN (0x4)
 *(.tdata .tdata.* .gnu.linkonce.td.*)
                0x20000288                        __tdata_end = .
                0x20000288                        PROVIDE (__data_end__ = .)
                0x10003da0                        __etext = LOADADDR (.data)

.tbss           0x20000288        0x0 load address 0x10003f68
                0x20000288                        . = ALIGN (0x4)
                0x20000288                        __bss_start__ = .
                0x20000288                        __tls_base = .
 *(.tbss .tbss.* .gnu.linkonce.tb.*)
 *(.tcommon)
                0x20000288                        __tls_end = .

.bss            0x20000288      0x3e4 load address 0x10003f68
                0x20000288                        . = ALIGN (0x4)
                0x20000288                        __tbss_end = .
 *(SORT_BY_ALIGNMENT(SORT_BY_NAME(.bss*)))
 .bss.default_alarm_pool_entries
                0x20000288      0x180 CMakeFiles/thor-freertos.dir/home/admin/.pico-sdk/sdk/2.0.0/src/common/pico_time/time.c.obj
 .bss.claimed   0x20000408        0x1 CMakeFiles/thor-freertos.dir/home/admin/.pico-sdk/sdk/2.0.0/src/rp2_common/hardware_timer/timer.c.obj
 *fill*         0x20000409        0x3 
 .bss.configured_freq
                0x2000040c       0x28 CMakeFiles/thor-freertos.dir/home/admin/.pico-sdk/sdk/2.0.0/src/rp2_common/hardware_clocks/clocks.c.obj
 .bss.drivers   0x20000434        0x4 CMakeFiles/thor-freertos.dir/home/admin/.pico-sdk/sdk/2.0.0/src/rp2_common/pico_stdio/stdio.c.obj
 .bss.filter    0x20000438        0x4 CMakeFiles/thor-freertos.dir/home/admin/.pico-sdk/sdk/2.0.0/src/rp2_common/pico_stdio/stdio.c.obj
 .bss.object.0  0x2000043c       0x18 /home/admin/.pico-sdk/toolchain/13_2_Rel1/bin/../lib/gcc/arm-none-eabi/13.2.1/thumb/v6-m/nofp/crtbegin.o
 .bss.pools     0x20000454       0x10 CMakeFiles/thor-freertos.dir/home/admin/.pico-sdk/sdk/2.0.0/src/common/pico_time/time.c.obj
 .bss.sd_table  0x20000464      0x100 CMakeFiles/thor-freertos.dir/home/admin/.pico-sdk/sdk/2.0.0/src/rp2_common/pico_double/double_init_rom_rp2040.c.obj
                0x20000464                sd_table
 .bss.sf_clz_func
                0x20000564        0x4 CMakeFiles/thor-freertos.dir/home/admin/.pico-sdk/sdk/2.0.0/src/rp2_common/pico_double/double_init_rom_rp2040.c.obj
                0x20000564                sf_clz_func
 .bss.sf_table  0x20000568      0x100 CMakeFiles/thor-freertos.dir/home/admin/.pico-sdk/sdk/2.0.0/src/rp2_common/pico_float/float_init_rom_rp2040.c.obj
                0x20000568                sf_table
 .bss.sleep_notifier
                0x20000668        0x4 CMakeFiles/thor-freertos.dir/home/admin/.pico-sdk/sdk/2.0.0/src/common/pico_time/time.c.obj
 *(COMMON)
                0x2000066c                        . = ALIGN (0x4)
                0x2000066c                        __bss_end__ = .

.heap           0x2000066c    0x3f994 load address 0x10003f68
                0x2000066c                        __end__ = .
                0x2000066c                        end = __end__
 *(.heap*)
 .heap          0x2000066c      0x800 CMakeFiles/thor-freertos.dir/home/admin/.pico-sdk/sdk/2.0.0/src/rp2_common/pico_crt0/crt0.S.obj
                0x20040000                        . = (ORIGIN (RAM) + LENGTH (RAM))
 *fill*         0x20000e6c    0x3f194 
                0x20040000                        __HeapLimit = .

.scratch_x      0x20040000        0x0 load address 0x10003f68
                0x20040000                        __scratch_x_start__ = .
 *(.scratch_x.*)
                0x20040000                        . = ALIGN (0x4)
                0x20040000                        __scratch_x_end__ = .
                0x10003f68                        __scratch_x_source__ = LOADADDR (.scratch_x)

.scratch_y      0x20041000        0x0 load address 0x10003f68
                0x20041000                        __scratch_y_start__ = .
 *(.scratch_y.*)
                0x20041000                        . = ALIGN (0x4)
                0x20041000                        __scratch_y_end__ = .
                0x10003f68                        __scratch_y_source__ = LOADADDR (.scratch_y)

.stack1_dummy
 *(.stack1*)

.stack_dummy    0x20041000      0x800
 *(.stack*)
 .stack         0x20041000      0x800 CMakeFiles/thor-freertos.dir/home/admin/.pico-sdk/sdk/2.0.0/src/rp2_common/pico_crt0/crt0.S.obj

.flash_end      0x10003f68        0x0
 *(.embedded_end_block*)
                0x10003f68                        PROVIDE (__flash_binary_end = .)
                0x20040000                        __StackLimit = (ORIGIN (RAM) + LENGTH (RAM))
                0x20041000                        __StackOneTop = (ORIGIN (SCRATCH_X) + LENGTH (SCRATCH_X))
                0x20042000                        __StackTop = (ORIGIN (SCRATCH_Y) + LENGTH (SCRATCH_Y))
                0x20041000                        __StackOneBottom = (__StackOneTop - SIZEOF (.stack1_dummy))
                0x20041800                        __StackBottom = (__StackTop - SIZEOF (.stack_dummy))
                0x20042000                        PROVIDE (__stack = __StackTop)
                [!provide]                        PROVIDE (__heap_start = __end__)
                [!provide]                        PROVIDE (__heap_end = __HeapLimit)
                [!provide]                        PROVIDE (__tls_align = MAX (ALIGNOF (.tdata), ALIGNOF (.tbss)))
                [!provide]                        PROVIDE (__tls_size_align = (((__tls_size + __tls_align) - 0x1) & ~ ((__tls_align - 0x1))))
                [!provide]                        PROVIDE (__arm32_tls_tcb_offset = MAX (0x8, __tls_align))
                [!provide]                        PROVIDE (_end = __end__)
                [!provide]                        PROVIDE (__llvm_libc_heap_limit = __HeapLimit)
                0x00000001                        ASSERT ((__StackLimit >= __HeapLimit), region RAM overflowed)
                0x00000001                        ASSERT (((__binary_info_header_end - __logical_binary_start) <= 0x100), Binary info must be in first 256 bytes of the binary)
LOAD CMakeFiles/thor-freertos.dir/thor-freertos.c.obj
LOAD CMakeFiles/thor-freertos.dir/home/admin/.pico-sdk/sdk/2.0.0/src/rp2_common/pico_stdlib/stdlib.c.obj
LOAD CMakeFiles/thor-freertos.dir/home/admin/.pico-sdk/sdk/2.0.0/src/rp2_common/hardware_gpio/gpio.c.obj
LOAD CMakeFiles/thor-freertos.dir/home/admin/.pico-sdk/sdk/2.0.0/src/rp2040/pico_platform/platform.c.obj
LOAD CMakeFiles/thor-freertos.dir/home/admin/.pico-sdk/sdk/2.0.0/src/rp2_common/pico_platform_panic/panic.c.obj
LOAD CMakeFiles/thor-freertos.dir/home/admin/.pico-sdk/sdk/2.0.0/src/common/hardware_claim/claim.c.obj
LOAD CMakeFiles/thor-freertos.dir/home/admin/.pico-sdk/sdk/2.0.0/src/rp2_common/hardware_sync/sync.c.obj
LOAD CMakeFiles/thor-freertos.dir/home/admin/.pico-sdk/sdk/2.0.0/src/rp2_common/hardware_sync_spin_lock/sync_spin_lock.c.obj
LOAD CMakeFiles/thor-freertos.dir/home/admin/.pico-sdk/sdk/2.0.0/src/rp2_common/hardware_irq/irq.c.obj
LOAD CMakeFiles/thor-freertos.dir/home/admin/.pico-sdk/sdk/2.0.0/src/rp2_common/hardware_irq/irq_handler_chain.S.obj
LOAD CMakeFiles/thor-freertos.dir/home/admin/.pico-sdk/sdk/2.0.0/src/common/pico_sync/sem.c.obj
LOAD CMakeFiles/thor-freertos.dir/home/admin/.pico-sdk/sdk/2.0.0/src/common/pico_sync/lock_core.c.obj
LOAD CMakeFiles/thor-freertos.dir/home/admin/.pico-sdk/sdk/2.0.0/src/common/pico_sync/mutex.c.obj
LOAD CMakeFiles/thor-freertos.dir/home/admin/.pico-sdk/sdk/2.0.0/src/common/pico_sync/critical_section.c.obj
LOAD CMakeFiles/thor-freertos.dir/home/admin/.pico-sdk/sdk/2.0.0/src/common/pico_time/time.c.obj
LOAD CMakeFiles/thor-freertos.dir/home/admin/.pico-sdk/sdk/2.0.0/src/common/pico_time/timeout_helper.c.obj
LOAD CMakeFiles/thor-freertos.dir/home/admin/.pico-sdk/sdk/2.0.0/src/rp2_common/hardware_timer/timer.c.obj
LOAD CMakeFiles/thor-freertos.dir/home/admin/.pico-sdk/sdk/2.0.0/src/common/pico_util/datetime.c.obj
LOAD CMakeFiles/thor-freertos.dir/home/admin/.pico-sdk/sdk/2.0.0/src/common/pico_util/pheap.c.obj
LOAD CMakeFiles/thor-freertos.dir/home/admin/.pico-sdk/sdk/2.0.0/src/common/pico_util/queue.c.obj
LOAD CMakeFiles/thor-freertos.dir/home/admin/.pico-sdk/sdk/2.0.0/src/rp2_common/hardware_uart/uart.c.obj
LOAD CMakeFiles/thor-freertos.dir/home/admin/.pico-sdk/sdk/2.0.0/src/rp2_common/hardware_clocks/clocks.c.obj
LOAD CMakeFiles/thor-freertos.dir/home/admin/.pico-sdk/sdk/2.0.0/src/rp2_common/hardware_pll/pll.c.obj
LOAD CMakeFiles/thor-freertos.dir/home/admin/.pico-sdk/sdk/2.0.0/src/rp2_common/hardware_vreg/vreg.c.obj
LOAD CMakeFiles/thor-freertos.dir/home/admin/.pico-sdk/sdk/2.0.0/src/rp2_common/hardware_watchdog/watchdog.c.obj
LOAD CMakeFiles/thor-freertos.dir/home/admin/.pico-sdk/sdk/2.0.0/src/rp2_common/hardware_ticks/ticks.c.obj
LOAD CMakeFiles/thor-freertos.dir/home/admin/.pico-sdk/sdk/2.0.0/src/rp2_common/hardware_xosc/xosc.c.obj
LOAD CMakeFiles/thor-freertos.dir/home/admin/.pico-sdk/sdk/2.0.0/src/rp2_common/hardware_divider/divider.S.obj
LOAD CMakeFiles/thor-freertos.dir/home/admin/.pico-sdk/sdk/2.0.0/src/rp2_common/pico_runtime/runtime.c.obj
LOAD CMakeFiles/thor-freertos.dir/home/admin/.pico-sdk/sdk/2.0.0/src/rp2_common/pico_runtime_init/runtime_init.c.obj
LOAD CMakeFiles/thor-freertos.dir/home/admin/.pico-sdk/sdk/2.0.0/src/rp2_common/pico_runtime_init/runtime_init_clocks.c.obj
LOAD CMakeFiles/thor-freertos.dir/home/admin/.pico-sdk/sdk/2.0.0/src/rp2_common/pico_runtime_init/runtime_init_stack_guard.c.obj
LOAD CMakeFiles/thor-freertos.dir/home/admin/.pico-sdk/sdk/2.0.0/src/rp2_common/pico_bit_ops/bit_ops_aeabi.S.obj
LOAD CMakeFiles/thor-freertos.dir/home/admin/.pico-sdk/sdk/2.0.0/src/rp2_common/pico_bootrom/bootrom.c.obj
LOAD CMakeFiles/thor-freertos.dir/home/admin/.pico-sdk/sdk/2.0.0/src/rp2_common/pico_bootrom/bootrom_lock.c.obj
LOAD CMakeFiles/thor-freertos.dir/home/admin/.pico-sdk/sdk/2.0.0/src/rp2_common/hardware_boot_lock/boot_lock.c.obj
LOAD CMakeFiles/thor-freertos.dir/home/admin/.pico-sdk/sdk/2.0.0/src/rp2_common/pico_divider/divider_hardware.S.obj
LOAD CMakeFiles/thor-freertos.dir/home/admin/.pico-sdk/sdk/2.0.0/src/rp2_common/pico_double/double_aeabi_rp2040.S.obj
LOAD CMakeFiles/thor-freertos.dir/home/admin/.pico-sdk/sdk/2.0.0/src/rp2_common/pico_double/double_init_rom_rp2040.c.obj
LOAD CMakeFiles/thor-freertos.dir/home/admin/.pico-sdk/sdk/2.0.0/src/rp2_common/pico_double/double_math.c.obj
LOAD CMakeFiles/thor-freertos.dir/home/admin/.pico-sdk/sdk/2.0.0/src/rp2_common/pico_double/double_v1_rom_shim_rp2040.S.obj
LOAD CMakeFiles/thor-freertos.dir/home/admin/.pico-sdk/sdk/2.0.0/src/rp2_common/pico_int64_ops/pico_int64_ops_aeabi.S.obj
LOAD CMakeFiles/thor-freertos.dir/home/admin/.pico-sdk/sdk/2.0.0/src/rp2_common/pico_float/float_aeabi_rp2040.S.obj
LOAD CMakeFiles/thor-freertos.dir/home/admin/.pico-sdk/sdk/2.0.0/src/rp2_common/pico_float/float_init_rom_rp2040.c.obj
LOAD CMakeFiles/thor-freertos.dir/home/admin/.pico-sdk/sdk/2.0.0/src/rp2_common/pico_float/float_math.c.obj
LOAD CMakeFiles/thor-freertos.dir/home/admin/.pico-sdk/sdk/2.0.0/src/rp2_common/pico_float/float_v1_rom_shim_rp2040.S.obj
LOAD CMakeFiles/thor-freertos.dir/home/admin/.pico-sdk/sdk/2.0.0/src/rp2_common/pico_malloc/malloc.c.obj
LOAD CMakeFiles/thor-freertos.dir/home/admin/.pico-sdk/sdk/2.0.0/src/rp2_common/pico_mem_ops/mem_ops_aeabi.S.obj
LOAD CMakeFiles/thor-freertos.dir/home/admin/.pico-sdk/sdk/2.0.0/src/rp2_common/pico_atomic/atomic.c.obj
LOAD CMakeFiles/thor-freertos.dir/home/admin/.pico-sdk/sdk/2.0.0/src/rp2_common/pico_cxx_options/new_delete.cpp.obj
LOAD CMakeFiles/thor-freertos.dir/home/admin/.pico-sdk/sdk/2.0.0/src/rp2_common/pico_standard_binary_info/standard_binary_info.c.obj
LOAD CMakeFiles/thor-freertos.dir/home/admin/.pico-sdk/sdk/2.0.0/src/rp2_common/pico_printf/printf.c.obj
LOAD CMakeFiles/thor-freertos.dir/home/admin/.pico-sdk/sdk/2.0.0/src/rp2_common/pico_crt0/crt0.S.obj
LOAD CMakeFiles/thor-freertos.dir/home/admin/.pico-sdk/sdk/2.0.0/src/rp2_common/pico_clib_interface/newlib_interface.c.obj
LOAD CMakeFiles/thor-freertos.dir/home/admin/.pico-sdk/sdk/2.0.0/src/rp2_common/pico_stdio/stdio.c.obj
LOAD /tmp/ccAaiidA.o
LOAD /home/admin/.pico-sdk/toolchain/13_2_Rel1/bin/../lib/gcc/arm-none-eabi/13.2.1/../../../../arm-none-eabi/lib/thumb/v6-m/nofp/libstdc++.a
LOAD /home/admin/.pico-sdk/toolchain/13_2_Rel1/bin/../lib/gcc/arm-none-eabi/13.2.1/../../../../arm-none-eabi/lib/thumb/v6-m/nofp/libm.a
START GROUP
LOAD /home/admin/.pico-sdk/toolchain/13_2_Rel1/bin/../lib/gcc/arm-none-eabi/13.2.1/thumb/v6-m/nofp/libgcc.a
LOAD /home/admin/.pico-sdk/toolchain/13_2_Rel1/bin/../lib/gcc/arm-none-eabi/13.2.1/../../../../arm-none-eabi/lib/thumb/v6-m/nofp/libg.a
LOAD /home/admin/.pico-sdk/toolchain/13_2_Rel1/bin/../lib/gcc/arm-none-eabi/13.2.1/../../../../arm-none-eabi/lib/thumb/v6-m/nofp/libc.a
END GROUP
START GROUP
LOAD /home/admin/.pico-sdk/toolchain/13_2_Rel1/bin/../lib/gcc/arm-none-eabi/13.2.1/thumb/v6-m/nofp/libgcc.a
LOAD /home/admin/.pico-sdk/toolchain/13_2_Rel1/bin/../lib/gcc/arm-none-eabi/13.2.1/../../../../arm-none-eabi/lib/thumb/v6-m/nofp/libc.a
LOAD /home/admin/.pico-sdk/toolchain/13_2_Rel1/bin/../lib/gcc/arm-none-eabi/13.2.1/../../../../arm-none-eabi/lib/thumb/v6-m/nofp/libnosys.a
END GROUP
LOAD /home/admin/.pico-sdk/toolchain/13_2_Rel1/bin/../lib/gcc/arm-none-eabi/13.2.1/thumb/v6-m/nofp/crtend.o
LOAD /home/admin/.pico-sdk/toolchain/13_2_Rel1/bin/../lib/gcc/arm-none-eabi/13.2.1/thumb/v6-m/nofp/crtn.o
OUTPUT(thor-freertos.elf elf32-littlearm)
LOAD linker stubs

.ARM.attributes
                0x00000000       0x28
 .ARM.attributes
                0x00000000       0x1e /home/admin/.pico-sdk/toolchain/13_2_Rel1/bin/../lib/gcc/arm-none-eabi/13.2.1/thumb/v6-m/nofp/crti.o
 .ARM.attributes
                0x0000001e       0x2c /home/admin/.pico-sdk/toolchain/13_2_Rel1/bin/../lib/gcc/arm-none-eabi/13.2.1/thumb/v6-m/nofp/crtbegin.o
 .ARM.attributes
                0x0000004a       0x2c CMakeFiles/thor-freertos.dir/thor-freertos.c.obj
 .ARM.attributes
                0x00000076       0x2c CMakeFiles/thor-freertos.dir/home/admin/.pico-sdk/sdk/2.0.0/src/rp2_common/pico_platform_panic/panic.c.obj
 .ARM.attributes
                0x000000a2       0x2c CMakeFiles/thor-freertos.dir/home/admin/.pico-sdk/sdk/2.0.0/src/common/hardware_claim/claim.c.obj
 .ARM.attributes
                0x000000ce       0x2c CMakeFiles/thor-freertos.dir/home/admin/.pico-sdk/sdk/2.0.0/src/rp2_common/hardware_sync/sync.c.obj
 .ARM.attributes
                0x000000fa       0x2c CMakeFiles/thor-freertos.dir/home/admin/.pico-sdk/sdk/2.0.0/src/rp2_common/hardware_sync_spin_lock/sync_spin_lock.c.obj
 .ARM.attributes
                0x00000126       0x2c CMakeFiles/thor-freertos.dir/home/admin/.pico-sdk/sdk/2.0.0/src/rp2_common/hardware_irq/irq.c.obj
 .ARM.attributes
                0x00000152       0x2c CMakeFiles/thor-freertos.dir/home/admin/.pico-sdk/sdk/2.0.0/src/common/pico_sync/lock_core.c.obj
 .ARM.attributes
                0x0000017e       0x2c CMakeFiles/thor-freertos.dir/home/admin/.pico-sdk/sdk/2.0.0/src/common/pico_sync/mutex.c.obj
 .ARM.attributes
                0x000001aa       0x2c CMakeFiles/thor-freertos.dir/home/admin/.pico-sdk/sdk/2.0.0/src/common/pico_time/time.c.obj
 .ARM.attributes
                0x000001d6       0x2c CMakeFiles/thor-freertos.dir/home/admin/.pico-sdk/sdk/2.0.0/src/rp2_common/hardware_timer/timer.c.obj
 .ARM.attributes
                0x00000202       0x2c CMakeFiles/thor-freertos.dir/home/admin/.pico-sdk/sdk/2.0.0/src/rp2_common/hardware_clocks/clocks.c.obj
 .ARM.attributes
                0x0000022e       0x2c CMakeFiles/thor-freertos.dir/home/admin/.pico-sdk/sdk/2.0.0/src/rp2_common/hardware_pll/pll.c.obj
 .ARM.attributes
                0x0000025a       0x2c CMakeFiles/thor-freertos.dir/home/admin/.pico-sdk/sdk/2.0.0/src/rp2_common/hardware_ticks/ticks.c.obj
 .ARM.attributes
                0x00000286       0x2c CMakeFiles/thor-freertos.dir/home/admin/.pico-sdk/sdk/2.0.0/src/rp2_common/hardware_xosc/xosc.c.obj
 .ARM.attributes
                0x000002b2       0x2c CMakeFiles/thor-freertos.dir/home/admin/.pico-sdk/sdk/2.0.0/src/rp2_common/pico_runtime/runtime.c.obj
 .ARM.attributes
                0x000002de       0x2c CMakeFiles/thor-freertos.dir/home/admin/.pico-sdk/sdk/2.0.0/src/rp2_common/pico_runtime_init/runtime_init.c.obj
 .ARM.attributes
                0x0000030a       0x2c CMakeFiles/thor-freertos.dir/home/admin/.pico-sdk/sdk/2.0.0/src/rp2_common/pico_runtime_init/runtime_init_clocks.c.obj
 .ARM.attributes
                0x00000336       0x22 CMakeFiles/thor-freertos.dir/home/admin/.pico-sdk/sdk/2.0.0/src/rp2_common/pico_bit_ops/bit_ops_aeabi.S.obj
 .ARM.attributes
                0x00000358       0x2c CMakeFiles/thor-freertos.dir/home/admin/.pico-sdk/sdk/2.0.0/src/rp2_common/pico_bootrom/bootrom.c.obj
 .ARM.attributes
                0x00000384       0x22 CMakeFiles/thor-freertos.dir/home/admin/.pico-sdk/sdk/2.0.0/src/rp2_common/pico_divider/divider_hardware.S.obj
 .ARM.attributes
                0x000003a6       0x22 CMakeFiles/thor-freertos.dir/home/admin/.pico-sdk/sdk/2.0.0/src/rp2_common/pico_double/double_aeabi_rp2040.S.obj
 .ARM.attributes
                0x000003c8       0x2c CMakeFiles/thor-freertos.dir/home/admin/.pico-sdk/sdk/2.0.0/src/rp2_common/pico_double/double_init_rom_rp2040.c.obj
 .ARM.attributes
                0x000003f4       0x22 CMakeFiles/thor-freertos.dir/home/admin/.pico-sdk/sdk/2.0.0/src/rp2_common/pico_double/double_v1_rom_shim_rp2040.S.obj
 .ARM.attributes
                0x00000416       0x22 CMakeFiles/thor-freertos.dir/home/admin/.pico-sdk/sdk/2.0.0/src/rp2_common/pico_int64_ops/pico_int64_ops_aeabi.S.obj
 .ARM.attributes
                0x00000438       0x22 CMakeFiles/thor-freertos.dir/home/admin/.pico-sdk/sdk/2.0.0/src/rp2_common/pico_float/float_aeabi_rp2040.S.obj
 .ARM.attributes
                0x0000045a       0x2c CMakeFiles/thor-freertos.dir/home/admin/.pico-sdk/sdk/2.0.0/src/rp2_common/pico_float/float_init_rom_rp2040.c.obj
 .ARM.attributes
                0x00000486       0x22 CMakeFiles/thor-freertos.dir/home/admin/.pico-sdk/sdk/2.0.0/src/rp2_common/pico_float/float_v1_rom_shim_rp2040.S.obj
 .ARM.attributes
                0x000004a8       0x22 CMakeFiles/thor-freertos.dir/home/admin/.pico-sdk/sdk/2.0.0/src/rp2_common/pico_mem_ops/mem_ops_aeabi.S.obj
 .ARM.attributes
                0x000004ca       0x2c CMakeFiles/thor-freertos.dir/home/admin/.pico-sdk/sdk/2.0.0/src/rp2_common/pico_standard_binary_info/standard_binary_info.c.obj
 .ARM.attributes
                0x000004f6       0x2c CMakeFiles/thor-freertos.dir/home/admin/.pico-sdk/sdk/2.0.0/src/rp2_common/pico_printf/printf.c.obj
 .ARM.attributes
                0x00000522       0x22 CMakeFiles/thor-freertos.dir/home/admin/.pico-sdk/sdk/2.0.0/src/rp2_common/pico_crt0/crt0.S.obj
 .ARM.attributes
                0x00000544       0x2c CMakeFiles/thor-freertos.dir/home/admin/.pico-sdk/sdk/2.0.0/src/rp2_common/pico_clib_interface/newlib_interface.c.obj
 .ARM.attributes
                0x00000570       0x2c CMakeFiles/thor-freertos.dir/home/admin/.pico-sdk/sdk/2.0.0/src/rp2_common/pico_stdio/stdio.c.obj
 .ARM.attributes
                0x0000059c       0x22 /tmp/ccAaiidA.o
 .ARM.attributes
                0x000005be       0x1e /home/admin/.pico-sdk/toolchain/13_2_Rel1/bin/../lib/gcc/arm-none-eabi/13.2.1/thumb/v6-m/nofp/libgcc.a(_dvmd_tls.o)
 .ARM.attributes
                0x000005dc       0x2c /home/admin/.pico-sdk/toolchain/13_2_Rel1/bin/../lib/gcc/arm-none-eabi/13.2.1/../../../../arm-none-eabi/lib/thumb/v6-m/nofp/libg.a(libc_a-strlen-stub.o)
 .ARM.attributes
                0x00000608       0x2c /home/admin/.pico-sdk/toolchain/13_2_Rel1/bin/../lib/gcc/arm-none-eabi/13.2.1/thumb/v6-m/nofp/crtend.o

.comment        0x00000000       0x44
 .comment       0x00000000       0x44 CMakeFiles/thor-freertos.dir/thor-freertos.c.obj
                                 0x45 (size before relaxing)
 .comment       0x00000044       0x45 CMakeFiles/thor-freertos.dir/home/admin/.pico-sdk/sdk/2.0.0/src/rp2_common/pico_platform_panic/panic.c.obj
 .comment       0x00000044       0x45 CMakeFiles/thor-freertos.dir/home/admin/.pico-sdk/sdk/2.0.0/src/common/hardware_claim/claim.c.obj
 .comment       0x00000044       0x45 CMakeFiles/thor-freertos.dir/home/admin/.pico-sdk/sdk/2.0.0/src/rp2_common/hardware_sync/sync.c.obj
 .comment       0x00000044       0x45 CMakeFiles/thor-freertos.dir/home/admin/.pico-sdk/sdk/2.0.0/src/rp2_common/hardware_sync_spin_lock/sync_spin_lock.c.obj
 .comment       0x00000044       0x45 CMakeFiles/thor-freertos.dir/home/admin/.pico-sdk/sdk/2.0.0/src/rp2_common/hardware_irq/irq.c.obj
 .comment       0x00000044       0x45 CMakeFiles/thor-freertos.dir/home/admin/.pico-sdk/sdk/2.0.0/src/common/pico_sync/lock_core.c.obj
 .comment       0x00000044       0x45 CMakeFiles/thor-freertos.dir/home/admin/.pico-sdk/sdk/2.0.0/src/common/pico_sync/mutex.c.obj
 .comment       0x00000044       0x45 CMakeFiles/thor-freertos.dir/home/admin/.pico-sdk/sdk/2.0.0/src/common/pico_time/time.c.obj
 .comment       0x00000044       0x45 CMakeFiles/thor-freertos.dir/home/admin/.pico-sdk/sdk/2.0.0/src/rp2_common/hardware_timer/timer.c.obj
 .comment       0x00000044       0x45 CMakeFiles/thor-freertos.dir/home/admin/.pico-sdk/sdk/2.0.0/src/rp2_common/hardware_clocks/clocks.c.obj
 .comment       0x00000044       0x45 CMakeFiles/thor-freertos.dir/home/admin/.pico-sdk/sdk/2.0.0/src/rp2_common/hardware_pll/pll.c.obj
 .comment       0x00000044       0x45 CMakeFiles/thor-freertos.dir/home/admin/.pico-sdk/sdk/2.0.0/src/rp2_common/hardware_ticks/ticks.c.obj
 .comment       0x00000044       0x45 CMakeFiles/thor-freertos.dir/home/admin/.pico-sdk/sdk/2.0.0/src/rp2_common/hardware_xosc/xosc.c.obj
 .comment       0x00000044       0x45 CMakeFiles/thor-freertos.dir/home/admin/.pico-sdk/sdk/2.0.0/src/rp2_common/pico_runtime/runtime.c.obj
 .comment       0x00000044       0x45 CMakeFiles/thor-freertos.dir/home/admin/.pico-sdk/sdk/2.0.0/src/rp2_common/pico_runtime_init/runtime_init.c.obj
 .comment       0x00000044       0x45 CMakeFiles/thor-freertos.dir/home/admin/.pico-sdk/sdk/2.0.0/src/rp2_common/pico_runtime_init/runtime_init_clocks.c.obj
 .comment       0x00000044       0x45 CMakeFiles/thor-freertos.dir/home/admin/.pico-sdk/sdk/2.0.0/src/rp2_common/pico_bootrom/bootrom.c.obj
 .comment       0x00000044       0x45 CMakeFiles/thor-freertos.dir/home/admin/.pico-sdk/sdk/2.0.0/src/rp2_common/pico_double/double_init_rom_rp2040.c.obj
 .comment       0x00000044       0x45 CMakeFiles/thor-freertos.dir/home/admin/.pico-sdk/sdk/2.0.0/src/rp2_common/pico_float/float_init_rom_rp2040.c.obj
 .comment       0x00000044       0x45 CMakeFiles/thor-freertos.dir/home/admin/.pico-sdk/sdk/2.0.0/src/rp2_common/pico_standard_binary_info/standard_binary_info.c.obj
 .comment       0x00000044       0x45 CMakeFiles/thor-freertos.dir/home/admin/.pico-sdk/sdk/2.0.0/src/rp2_common/pico_printf/printf.c.obj
 .comment       0x00000044       0x45 CMakeFiles/thor-freertos.dir/home/admin/.pico-sdk/sdk/2.0.0/src/rp2_common/pico_clib_interface/newlib_interface.c.obj
 .comment       0x00000044       0x45 CMakeFiles/thor-freertos.dir/home/admin/.pico-sdk/sdk/2.0.0/src/rp2_common/pico_stdio/stdio.c.obj

.debug_info     0x00000000    0x1164c
 .debug_info    0x00000000      0x110 CMakeFiles/thor-freertos.dir/thor-freertos.c.obj
 .debug_info    0x00000110      0x1b4 CMakeFiles/thor-freertos.dir/home/admin/.pico-sdk/sdk/2.0.0/src/rp2_common/pico_platform_panic/panic.c.obj
 .debug_info    0x000002c4      0x6b1 CMakeFiles/thor-freertos.dir/home/admin/.pico-sdk/sdk/2.0.0/src/common/hardware_claim/claim.c.obj
 .debug_info    0x00000975      0x465 CMakeFiles/thor-freertos.dir/home/admin/.pico-sdk/sdk/2.0.0/src/rp2_common/hardware_sync/sync.c.obj
 .debug_info    0x00000dda      0x2f7 CMakeFiles/thor-freertos.dir/home/admin/.pico-sdk/sdk/2.0.0/src/rp2_common/hardware_sync_spin_lock/sync_spin_lock.c.obj
 .debug_info    0x000010d1     0x1fe9 CMakeFiles/thor-freertos.dir/home/admin/.pico-sdk/sdk/2.0.0/src/rp2_common/hardware_irq/irq.c.obj
 .debug_info    0x000030ba      0x1af CMakeFiles/thor-freertos.dir/home/admin/.pico-sdk/sdk/2.0.0/src/common/pico_sync/lock_core.c.obj
 .debug_info    0x00003269     0x1e7c CMakeFiles/thor-freertos.dir/home/admin/.pico-sdk/sdk/2.0.0/src/common/pico_sync/mutex.c.obj
 .debug_info    0x000050e5     0x3353 CMakeFiles/thor-freertos.dir/home/admin/.pico-sdk/sdk/2.0.0/src/common/pico_time/time.c.obj
 .debug_info    0x00008438     0x19b0 CMakeFiles/thor-freertos.dir/home/admin/.pico-sdk/sdk/2.0.0/src/rp2_common/hardware_timer/timer.c.obj
 .debug_info    0x00009de8     0x1509 CMakeFiles/thor-freertos.dir/home/admin/.pico-sdk/sdk/2.0.0/src/rp2_common/hardware_clocks/clocks.c.obj
 .debug_info    0x0000b2f1      0x64f CMakeFiles/thor-freertos.dir/home/admin/.pico-sdk/sdk/2.0.0/src/rp2_common/hardware_pll/pll.c.obj
 .debug_info    0x0000b940      0x2b2 CMakeFiles/thor-freertos.dir/home/admin/.pico-sdk/sdk/2.0.0/src/rp2_common/hardware_ticks/ticks.c.obj
 .debug_info    0x0000bbf2      0x1d0 CMakeFiles/thor-freertos.dir/home/admin/.pico-sdk/sdk/2.0.0/src/rp2_common/hardware_xosc/xosc.c.obj
 .debug_info    0x0000bdc2      0x1bc CMakeFiles/thor-freertos.dir/home/admin/.pico-sdk/sdk/2.0.0/src/rp2_common/pico_runtime/runtime.c.obj
 .debug_info    0x0000bf7e      0x7ad CMakeFiles/thor-freertos.dir/home/admin/.pico-sdk/sdk/2.0.0/src/rp2_common/pico_runtime_init/runtime_init.c.obj
 .debug_info    0x0000c72b      0x765 CMakeFiles/thor-freertos.dir/home/admin/.pico-sdk/sdk/2.0.0/src/rp2_common/pico_runtime_init/runtime_init_clocks.c.obj
 .debug_info    0x0000ce90       0x23 CMakeFiles/thor-freertos.dir/home/admin/.pico-sdk/sdk/2.0.0/src/rp2_common/pico_bit_ops/bit_ops_aeabi.S.obj
 .debug_info    0x0000ceb3      0x3d6 CMakeFiles/thor-freertos.dir/home/admin/.pico-sdk/sdk/2.0.0/src/rp2_common/pico_bootrom/bootrom.c.obj
 .debug_info    0x0000d289       0x23 CMakeFiles/thor-freertos.dir/home/admin/.pico-sdk/sdk/2.0.0/src/rp2_common/pico_divider/divider_hardware.S.obj
 .debug_info    0x0000d2ac       0x23 CMakeFiles/thor-freertos.dir/home/admin/.pico-sdk/sdk/2.0.0/src/rp2_common/pico_double/double_aeabi_rp2040.S.obj
 .debug_info    0x0000d2cf      0x34c CMakeFiles/thor-freertos.dir/home/admin/.pico-sdk/sdk/2.0.0/src/rp2_common/pico_double/double_init_rom_rp2040.c.obj
 .debug_info    0x0000d61b       0x23 CMakeFiles/thor-freertos.dir/home/admin/.pico-sdk/sdk/2.0.0/src/rp2_common/pico_double/double_v1_rom_shim_rp2040.S.obj
 .debug_info    0x0000d63e       0x24 CMakeFiles/thor-freertos.dir/home/admin/.pico-sdk/sdk/2.0.0/src/rp2_common/pico_int64_ops/pico_int64_ops_aeabi.S.obj
 .debug_info    0x0000d662       0x23 CMakeFiles/thor-freertos.dir/home/admin/.pico-sdk/sdk/2.0.0/src/rp2_common/pico_float/float_aeabi_rp2040.S.obj
 .debug_info    0x0000d685      0x34d CMakeFiles/thor-freertos.dir/home/admin/.pico-sdk/sdk/2.0.0/src/rp2_common/pico_float/float_init_rom_rp2040.c.obj
 .debug_info    0x0000d9d2       0x23 CMakeFiles/thor-freertos.dir/home/admin/.pico-sdk/sdk/2.0.0/src/rp2_common/pico_float/float_v1_rom_shim_rp2040.S.obj
 .debug_info    0x0000d9f5       0x23 CMakeFiles/thor-freertos.dir/home/admin/.pico-sdk/sdk/2.0.0/src/rp2_common/pico_mem_ops/mem_ops_aeabi.S.obj
 .debug_info    0x0000da18      0x2b8 CMakeFiles/thor-freertos.dir/home/admin/.pico-sdk/sdk/2.0.0/src/rp2_common/pico_standard_binary_info/standard_binary_info.c.obj
 .debug_info    0x0000dcd0     0x19dc CMakeFiles/thor-freertos.dir/home/admin/.pico-sdk/sdk/2.0.0/src/rp2_common/pico_printf/printf.c.obj
 .debug_info    0x0000f6ac       0x23 CMakeFiles/thor-freertos.dir/home/admin/.pico-sdk/sdk/2.0.0/src/rp2_common/pico_crt0/crt0.S.obj
 .debug_info    0x0000f6cf      0xbb8 CMakeFiles/thor-freertos.dir/home/admin/.pico-sdk/sdk/2.0.0/src/rp2_common/pico_clib_interface/newlib_interface.c.obj
 .debug_info    0x00010287     0x13c5 CMakeFiles/thor-freertos.dir/home/admin/.pico-sdk/sdk/2.0.0/src/rp2_common/pico_stdio/stdio.c.obj

.debug_abbrev   0x00000000     0x3f50
 .debug_abbrev  0x00000000       0xbc CMakeFiles/thor-freertos.dir/thor-freertos.c.obj
 .debug_abbrev  0x000000bc      0x12d CMakeFiles/thor-freertos.dir/home/admin/.pico-sdk/sdk/2.0.0/src/rp2_common/pico_platform_panic/panic.c.obj
 .debug_abbrev  0x000001e9      0x2b4 CMakeFiles/thor-freertos.dir/home/admin/.pico-sdk/sdk/2.0.0/src/common/hardware_claim/claim.c.obj
 .debug_abbrev  0x0000049d      0x1f4 CMakeFiles/thor-freertos.dir/home/admin/.pico-sdk/sdk/2.0.0/src/rp2_common/hardware_sync/sync.c.obj
 .debug_abbrev  0x00000691      0x1f0 CMakeFiles/thor-freertos.dir/home/admin/.pico-sdk/sdk/2.0.0/src/rp2_common/hardware_sync_spin_lock/sync_spin_lock.c.obj
 .debug_abbrev  0x00000881      0x5d8 CMakeFiles/thor-freertos.dir/home/admin/.pico-sdk/sdk/2.0.0/src/rp2_common/hardware_irq/irq.c.obj
 .debug_abbrev  0x00000e59      0x116 CMakeFiles/thor-freertos.dir/home/admin/.pico-sdk/sdk/2.0.0/src/common/pico_sync/lock_core.c.obj
 .debug_abbrev  0x00000f6f      0x424 CMakeFiles/thor-freertos.dir/home/admin/.pico-sdk/sdk/2.0.0/src/common/pico_sync/mutex.c.obj
 .debug_abbrev  0x00001393      0x630 CMakeFiles/thor-freertos.dir/home/admin/.pico-sdk/sdk/2.0.0/src/common/pico_time/time.c.obj
 .debug_abbrev  0x000019c3      0x473 CMakeFiles/thor-freertos.dir/home/admin/.pico-sdk/sdk/2.0.0/src/rp2_common/hardware_timer/timer.c.obj
 .debug_abbrev  0x00001e36      0x431 CMakeFiles/thor-freertos.dir/home/admin/.pico-sdk/sdk/2.0.0/src/rp2_common/hardware_clocks/clocks.c.obj
 .debug_abbrev  0x00002267      0x20e CMakeFiles/thor-freertos.dir/home/admin/.pico-sdk/sdk/2.0.0/src/rp2_common/hardware_pll/pll.c.obj
 .debug_abbrev  0x00002475      0x152 CMakeFiles/thor-freertos.dir/home/admin/.pico-sdk/sdk/2.0.0/src/rp2_common/hardware_ticks/ticks.c.obj
 .debug_abbrev  0x000025c7      0x11d CMakeFiles/thor-freertos.dir/home/admin/.pico-sdk/sdk/2.0.0/src/rp2_common/hardware_xosc/xosc.c.obj
 .debug_abbrev  0x000026e4      0x149 CMakeFiles/thor-freertos.dir/home/admin/.pico-sdk/sdk/2.0.0/src/rp2_common/pico_runtime/runtime.c.obj
 .debug_abbrev  0x0000282d      0x20f CMakeFiles/thor-freertos.dir/home/admin/.pico-sdk/sdk/2.0.0/src/rp2_common/pico_runtime_init/runtime_init.c.obj
 .debug_abbrev  0x00002a3c      0x2b3 CMakeFiles/thor-freertos.dir/home/admin/.pico-sdk/sdk/2.0.0/src/rp2_common/pico_runtime_init/runtime_init_clocks.c.obj
 .debug_abbrev  0x00002cef       0x12 CMakeFiles/thor-freertos.dir/home/admin/.pico-sdk/sdk/2.0.0/src/rp2_common/pico_bit_ops/bit_ops_aeabi.S.obj
 .debug_abbrev  0x00002d01      0x1a0 CMakeFiles/thor-freertos.dir/home/admin/.pico-sdk/sdk/2.0.0/src/rp2_common/pico_bootrom/bootrom.c.obj
 .debug_abbrev  0x00002ea1       0x12 CMakeFiles/thor-freertos.dir/home/admin/.pico-sdk/sdk/2.0.0/src/rp2_common/pico_divider/divider_hardware.S.obj
 .debug_abbrev  0x00002eb3       0x12 CMakeFiles/thor-freertos.dir/home/admin/.pico-sdk/sdk/2.0.0/src/rp2_common/pico_double/double_aeabi_rp2040.S.obj
 .debug_abbrev  0x00002ec5      0x1ab CMakeFiles/thor-freertos.dir/home/admin/.pico-sdk/sdk/2.0.0/src/rp2_common/pico_double/double_init_rom_rp2040.c.obj
 .debug_abbrev  0x00003070       0x12 CMakeFiles/thor-freertos.dir/home/admin/.pico-sdk/sdk/2.0.0/src/rp2_common/pico_double/double_v1_rom_shim_rp2040.S.obj
 .debug_abbrev  0x00003082       0x14 CMakeFiles/thor-freertos.dir/home/admin/.pico-sdk/sdk/2.0.0/src/rp2_common/pico_int64_ops/pico_int64_ops_aeabi.S.obj
 .debug_abbrev  0x00003096       0x12 CMakeFiles/thor-freertos.dir/home/admin/.pico-sdk/sdk/2.0.0/src/rp2_common/pico_float/float_aeabi_rp2040.S.obj
 .debug_abbrev  0x000030a8      0x1ae CMakeFiles/thor-freertos.dir/home/admin/.pico-sdk/sdk/2.0.0/src/rp2_common/pico_float/float_init_rom_rp2040.c.obj
 .debug_abbrev  0x00003256       0x12 CMakeFiles/thor-freertos.dir/home/admin/.pico-sdk/sdk/2.0.0/src/rp2_common/pico_float/float_v1_rom_shim_rp2040.S.obj
 .debug_abbrev  0x00003268       0x12 CMakeFiles/thor-freertos.dir/home/admin/.pico-sdk/sdk/2.0.0/src/rp2_common/pico_mem_ops/mem_ops_aeabi.S.obj
 .debug_abbrev  0x0000327a       0xb8 CMakeFiles/thor-freertos.dir/home/admin/.pico-sdk/sdk/2.0.0/src/rp2_common/pico_standard_binary_info/standard_binary_info.c.obj
 .debug_abbrev  0x00003332      0x38e CMakeFiles/thor-freertos.dir/home/admin/.pico-sdk/sdk/2.0.0/src/rp2_common/pico_printf/printf.c.obj
 .debug_abbrev  0x000036c0       0x12 CMakeFiles/thor-freertos.dir/home/admin/.pico-sdk/sdk/2.0.0/src/rp2_common/pico_crt0/crt0.S.obj
 .debug_abbrev  0x000036d2      0x35f CMakeFiles/thor-freertos.dir/home/admin/.pico-sdk/sdk/2.0.0/src/rp2_common/pico_clib_interface/newlib_interface.c.obj
 .debug_abbrev  0x00003a31      0x51f CMakeFiles/thor-freertos.dir/home/admin/.pico-sdk/sdk/2.0.0/src/rp2_common/pico_stdio/stdio.c.obj

.debug_aranges  0x00000000      0xda8
 .debug_aranges
                0x00000000       0x20 CMakeFiles/thor-freertos.dir/thor-freertos.c.obj
 .debug_aranges
                0x00000020       0x28 CMakeFiles/thor-freertos.dir/home/admin/.pico-sdk/sdk/2.0.0/src/rp2_common/pico_platform_panic/panic.c.obj
 .debug_aranges
                0x00000048       0x48 CMakeFiles/thor-freertos.dir/home/admin/.pico-sdk/sdk/2.0.0/src/common/hardware_claim/claim.c.obj
 .debug_aranges
                0x00000090       0x48 CMakeFiles/thor-freertos.dir/home/admin/.pico-sdk/sdk/2.0.0/src/rp2_common/hardware_sync/sync.c.obj
 .debug_aranges
                0x000000d8       0x28 CMakeFiles/thor-freertos.dir/home/admin/.pico-sdk/sdk/2.0.0/src/rp2_common/hardware_sync_spin_lock/sync_spin_lock.c.obj
 .debug_aranges
                0x00000100       0xe0 CMakeFiles/thor-freertos.dir/home/admin/.pico-sdk/sdk/2.0.0/src/rp2_common/hardware_irq/irq.c.obj
 .debug_aranges
                0x000001e0       0x20 CMakeFiles/thor-freertos.dir/home/admin/.pico-sdk/sdk/2.0.0/src/common/pico_sync/lock_core.c.obj
 .debug_aranges
                0x00000200       0x98 CMakeFiles/thor-freertos.dir/home/admin/.pico-sdk/sdk/2.0.0/src/common/pico_sync/mutex.c.obj
 .debug_aranges
                0x00000298      0x110 CMakeFiles/thor-freertos.dir/home/admin/.pico-sdk/sdk/2.0.0/src/common/pico_time/time.c.obj
 .debug_aranges
                0x000003a8       0xf0 CMakeFiles/thor-freertos.dir/home/admin/.pico-sdk/sdk/2.0.0/src/rp2_common/hardware_timer/timer.c.obj
 .debug_aranges
                0x00000498       0xa0 CMakeFiles/thor-freertos.dir/home/admin/.pico-sdk/sdk/2.0.0/src/rp2_common/hardware_clocks/clocks.c.obj
 .debug_aranges
                0x00000538       0x28 CMakeFiles/thor-freertos.dir/home/admin/.pico-sdk/sdk/2.0.0/src/rp2_common/hardware_pll/pll.c.obj
 .debug_aranges
                0x00000560       0x30 CMakeFiles/thor-freertos.dir/home/admin/.pico-sdk/sdk/2.0.0/src/rp2_common/hardware_ticks/ticks.c.obj
 .debug_aranges
                0x00000590       0x30 CMakeFiles/thor-freertos.dir/home/admin/.pico-sdk/sdk/2.0.0/src/rp2_common/hardware_xosc/xosc.c.obj
 .debug_aranges
                0x000005c0       0x40 CMakeFiles/thor-freertos.dir/home/admin/.pico-sdk/sdk/2.0.0/src/rp2_common/pico_runtime/runtime.c.obj
 .debug_aranges
                0x00000600       0x48 CMakeFiles/thor-freertos.dir/home/admin/.pico-sdk/sdk/2.0.0/src/rp2_common/pico_runtime_init/runtime_init.c.obj
 .debug_aranges
                0x00000648       0x28 CMakeFiles/thor-freertos.dir/home/admin/.pico-sdk/sdk/2.0.0/src/rp2_common/pico_runtime_init/runtime_init_clocks.c.obj
 .debug_aranges
                0x00000670       0x60 CMakeFiles/thor-freertos.dir/home/admin/.pico-sdk/sdk/2.0.0/src/rp2_common/pico_bit_ops/bit_ops_aeabi.S.obj
 .debug_aranges
                0x000006d0       0x38 CMakeFiles/thor-freertos.dir/home/admin/.pico-sdk/sdk/2.0.0/src/rp2_common/pico_bootrom/bootrom.c.obj
 .debug_aranges
                0x00000708       0x40 CMakeFiles/thor-freertos.dir/home/admin/.pico-sdk/sdk/2.0.0/src/rp2_common/pico_divider/divider_hardware.S.obj
 .debug_aranges
                0x00000748      0x140 CMakeFiles/thor-freertos.dir/home/admin/.pico-sdk/sdk/2.0.0/src/rp2_common/pico_double/double_aeabi_rp2040.S.obj
 .debug_aranges
                0x00000888       0x20 CMakeFiles/thor-freertos.dir/home/admin/.pico-sdk/sdk/2.0.0/src/rp2_common/pico_double/double_init_rom_rp2040.c.obj
 .debug_aranges
                0x000008a8       0xc8 CMakeFiles/thor-freertos.dir/home/admin/.pico-sdk/sdk/2.0.0/src/rp2_common/pico_double/double_v1_rom_shim_rp2040.S.obj
 .debug_aranges
                0x00000970       0x20 CMakeFiles/thor-freertos.dir/home/admin/.pico-sdk/sdk/2.0.0/src/rp2_common/pico_int64_ops/pico_int64_ops_aeabi.S.obj
 .debug_aranges
                0x00000990      0x130 CMakeFiles/thor-freertos.dir/home/admin/.pico-sdk/sdk/2.0.0/src/rp2_common/pico_float/float_aeabi_rp2040.S.obj
 .debug_aranges
                0x00000ac0       0x20 CMakeFiles/thor-freertos.dir/home/admin/.pico-sdk/sdk/2.0.0/src/rp2_common/pico_float/float_init_rom_rp2040.c.obj
 .debug_aranges
                0x00000ae0       0x50 CMakeFiles/thor-freertos.dir/home/admin/.pico-sdk/sdk/2.0.0/src/rp2_common/pico_float/float_v1_rom_shim_rp2040.S.obj
 .debug_aranges
                0x00000b30       0x38 CMakeFiles/thor-freertos.dir/home/admin/.pico-sdk/sdk/2.0.0/src/rp2_common/pico_mem_ops/mem_ops_aeabi.S.obj
 .debug_aranges
                0x00000b68       0x18 CMakeFiles/thor-freertos.dir/home/admin/.pico-sdk/sdk/2.0.0/src/rp2_common/pico_standard_binary_info/standard_binary_info.c.obj
 .debug_aranges
                0x00000b80       0x90 CMakeFiles/thor-freertos.dir/home/admin/.pico-sdk/sdk/2.0.0/src/rp2_common/pico_printf/printf.c.obj
 .debug_aranges
                0x00000c10       0x28 CMakeFiles/thor-freertos.dir/home/admin/.pico-sdk/sdk/2.0.0/src/rp2_common/pico_crt0/crt0.S.obj
 .debug_aranges
                0x00000c38       0xa0 CMakeFiles/thor-freertos.dir/home/admin/.pico-sdk/sdk/2.0.0/src/rp2_common/pico_clib_interface/newlib_interface.c.obj
 .debug_aranges
                0x00000cd8       0xd0 CMakeFiles/thor-freertos.dir/home/admin/.pico-sdk/sdk/2.0.0/src/rp2_common/pico_stdio/stdio.c.obj

.debug_rnglists
                0x00000000      0xd5a
 .debug_rnglists
                0x00000000       0x13 CMakeFiles/thor-freertos.dir/thor-freertos.c.obj
 .debug_rnglists
                0x00000013       0x19 CMakeFiles/thor-freertos.dir/home/admin/.pico-sdk/sdk/2.0.0/src/rp2_common/pico_platform_panic/panic.c.obj
 .debug_rnglists
                0x0000002c       0x31 CMakeFiles/thor-freertos.dir/home/admin/.pico-sdk/sdk/2.0.0/src/common/hardware_claim/claim.c.obj
 .debug_rnglists
                0x0000005d       0x31 CMakeFiles/thor-freertos.dir/home/admin/.pico-sdk/sdk/2.0.0/src/rp2_common/hardware_sync/sync.c.obj
 .debug_rnglists
                0x0000008e       0x19 CMakeFiles/thor-freertos.dir/home/admin/.pico-sdk/sdk/2.0.0/src/rp2_common/hardware_sync_spin_lock/sync_spin_lock.c.obj
 .debug_rnglists
                0x000000a7      0x108 CMakeFiles/thor-freertos.dir/home/admin/.pico-sdk/sdk/2.0.0/src/rp2_common/hardware_irq/irq.c.obj
 .debug_rnglists
                0x000001af       0x13 CMakeFiles/thor-freertos.dir/home/admin/.pico-sdk/sdk/2.0.0/src/common/pico_sync/lock_core.c.obj
 .debug_rnglists
                0x000001c2      0x135 CMakeFiles/thor-freertos.dir/home/admin/.pico-sdk/sdk/2.0.0/src/common/pico_sync/mutex.c.obj
 .debug_rnglists
                0x000002f7      0x1f2 CMakeFiles/thor-freertos.dir/home/admin/.pico-sdk/sdk/2.0.0/src/common/pico_time/time.c.obj
 .debug_rnglists
                0x000004e9       0xb2 CMakeFiles/thor-freertos.dir/home/admin/.pico-sdk/sdk/2.0.0/src/rp2_common/hardware_timer/timer.c.obj
 .debug_rnglists
                0x0000059b       0xe2 CMakeFiles/thor-freertos.dir/home/admin/.pico-sdk/sdk/2.0.0/src/rp2_common/hardware_clocks/clocks.c.obj
 .debug_rnglists
                0x0000067d       0x1a CMakeFiles/thor-freertos.dir/home/admin/.pico-sdk/sdk/2.0.0/src/rp2_common/hardware_pll/pll.c.obj
 .debug_rnglists
                0x00000697       0x1f CMakeFiles/thor-freertos.dir/home/admin/.pico-sdk/sdk/2.0.0/src/rp2_common/hardware_ticks/ticks.c.obj
 .debug_rnglists
                0x000006b6       0x1f CMakeFiles/thor-freertos.dir/home/admin/.pico-sdk/sdk/2.0.0/src/rp2_common/hardware_xosc/xosc.c.obj
 .debug_rnglists
                0x000006d5       0x2b CMakeFiles/thor-freertos.dir/home/admin/.pico-sdk/sdk/2.0.0/src/rp2_common/pico_runtime/runtime.c.obj
 .debug_rnglists
                0x00000700       0x31 CMakeFiles/thor-freertos.dir/home/admin/.pico-sdk/sdk/2.0.0/src/rp2_common/pico_runtime_init/runtime_init.c.obj
 .debug_rnglists
                0x00000731       0x26 CMakeFiles/thor-freertos.dir/home/admin/.pico-sdk/sdk/2.0.0/src/rp2_common/pico_runtime_init/runtime_init_clocks.c.obj
 .debug_rnglists
                0x00000757       0x43 CMakeFiles/thor-freertos.dir/home/admin/.pico-sdk/sdk/2.0.0/src/rp2_common/pico_bit_ops/bit_ops_aeabi.S.obj
 .debug_rnglists
                0x0000079a       0x31 CMakeFiles/thor-freertos.dir/home/admin/.pico-sdk/sdk/2.0.0/src/rp2_common/pico_bootrom/bootrom.c.obj
 .debug_rnglists
                0x000007cb       0x2c CMakeFiles/thor-freertos.dir/home/admin/.pico-sdk/sdk/2.0.0/src/rp2_common/pico_divider/divider_hardware.S.obj
 .debug_rnglists
                0x000007f7       0xed CMakeFiles/thor-freertos.dir/home/admin/.pico-sdk/sdk/2.0.0/src/rp2_common/pico_double/double_aeabi_rp2040.S.obj
 .debug_rnglists
                0x000008e4       0x21 CMakeFiles/thor-freertos.dir/home/admin/.pico-sdk/sdk/2.0.0/src/rp2_common/pico_double/double_init_rom_rp2040.c.obj
 .debug_rnglists
                0x00000905       0x99 CMakeFiles/thor-freertos.dir/home/admin/.pico-sdk/sdk/2.0.0/src/rp2_common/pico_double/double_v1_rom_shim_rp2040.S.obj
 .debug_rnglists
                0x0000099e       0xdf CMakeFiles/thor-freertos.dir/home/admin/.pico-sdk/sdk/2.0.0/src/rp2_common/pico_float/float_aeabi_rp2040.S.obj
 .debug_rnglists
                0x00000a7d       0x20 CMakeFiles/thor-freertos.dir/home/admin/.pico-sdk/sdk/2.0.0/src/rp2_common/pico_float/float_init_rom_rp2040.c.obj
 .debug_rnglists
                0x00000a9d       0x38 CMakeFiles/thor-freertos.dir/home/admin/.pico-sdk/sdk/2.0.0/src/rp2_common/pico_float/float_v1_rom_shim_rp2040.S.obj
 .debug_rnglists
                0x00000ad5       0x25 CMakeFiles/thor-freertos.dir/home/admin/.pico-sdk/sdk/2.0.0/src/rp2_common/pico_mem_ops/mem_ops_aeabi.S.obj
 .debug_rnglists
                0x00000afa       0xe5 CMakeFiles/thor-freertos.dir/home/admin/.pico-sdk/sdk/2.0.0/src/rp2_common/pico_printf/printf.c.obj
 .debug_rnglists
                0x00000bdf       0x1b CMakeFiles/thor-freertos.dir/home/admin/.pico-sdk/sdk/2.0.0/src/rp2_common/pico_crt0/crt0.S.obj
 .debug_rnglists
                0x00000bfa       0x73 CMakeFiles/thor-freertos.dir/home/admin/.pico-sdk/sdk/2.0.0/src/rp2_common/pico_clib_interface/newlib_interface.c.obj
 .debug_rnglists
                0x00000c6d       0xed CMakeFiles/thor-freertos.dir/home/admin/.pico-sdk/sdk/2.0.0/src/rp2_common/pico_stdio/stdio.c.obj

.debug_line     0x00000000     0xd200
 .debug_line    0x00000000      0x1c7 CMakeFiles/thor-freertos.dir/thor-freertos.c.obj
 .debug_line    0x000001c7      0x20e CMakeFiles/thor-freertos.dir/home/admin/.pico-sdk/sdk/2.0.0/src/rp2_common/pico_platform_panic/panic.c.obj
 .debug_line    0x000003d5      0x62d CMakeFiles/thor-freertos.dir/home/admin/.pico-sdk/sdk/2.0.0/src/common/hardware_claim/claim.c.obj
 .debug_line    0x00000a02      0x420 CMakeFiles/thor-freertos.dir/home/admin/.pico-sdk/sdk/2.0.0/src/rp2_common/hardware_sync/sync.c.obj